Archive member included to satisfy reference by file (symbol)

/usr/lib/gcc/arm-none-eabi/14.2.0/../../../../arm-none-eabi/lib/thumb/v7e-m+dp/hard/libc_nano.a(libc_a-atexit.o)
                              /usr/lib/gcc/arm-none-eabi/14.2.0/../../../../arm-none-eabi/lib/thumb/v7e-m+dp/hard/crt0.o (atexit)
/usr/lib/gcc/arm-none-eabi/14.2.0/../../../../arm-none-eabi/lib/thumb/v7e-m+dp/hard/libc_nano.a(libc_a-exit.o)
                              /usr/lib/gcc/arm-none-eabi/14.2.0/../../../../arm-none-eabi/lib/thumb/v7e-m+dp/hard/crt0.o (exit)
/usr/lib/gcc/arm-none-eabi/14.2.0/../../../../arm-none-eabi/lib/thumb/v7e-m+dp/hard/libc_nano.a(libc_a-findfp.o)
                              /usr/lib/gcc/arm-none-eabi/14.2.0/../../../../arm-none-eabi/lib/thumb/v7e-m+dp/hard/libc_nano.a(libc_a-exit.o) (__stdio_exit_handler)
/usr/lib/gcc/arm-none-eabi/14.2.0/../../../../arm-none-eabi/lib/thumb/v7e-m+dp/hard/libc_nano.a(libc_a-fwalk.o)
                              /usr/lib/gcc/arm-none-eabi/14.2.0/../../../../arm-none-eabi/lib/thumb/v7e-m+dp/hard/libc_nano.a(libc_a-findfp.o) (_fwalk_sglue)
/usr/lib/gcc/arm-none-eabi/14.2.0/../../../../arm-none-eabi/lib/thumb/v7e-m+dp/hard/libc_nano.a(libc_a-stdio.o)
                              /usr/lib/gcc/arm-none-eabi/14.2.0/../../../../arm-none-eabi/lib/thumb/v7e-m+dp/hard/libc_nano.a(libc_a-findfp.o) (__sread)
/usr/lib/gcc/arm-none-eabi/14.2.0/../../../../arm-none-eabi/lib/thumb/v7e-m+dp/hard/libc_nano.a(libc_a-memset.o)
                              /usr/lib/gcc/arm-none-eabi/14.2.0/../../../../arm-none-eabi/lib/thumb/v7e-m+dp/hard/crt0.o (memset)
/usr/lib/gcc/arm-none-eabi/14.2.0/../../../../arm-none-eabi/lib/thumb/v7e-m+dp/hard/libc_nano.a(libc_a-closer.o)
                              /usr/lib/gcc/arm-none-eabi/14.2.0/../../../../arm-none-eabi/lib/thumb/v7e-m+dp/hard/libc_nano.a(libc_a-stdio.o) (_close_r)
/usr/lib/gcc/arm-none-eabi/14.2.0/../../../../arm-none-eabi/lib/thumb/v7e-m+dp/hard/libc_nano.a(libc_a-reent.o)
                              /usr/lib/gcc/arm-none-eabi/14.2.0/../../../../arm-none-eabi/lib/thumb/v7e-m+dp/hard/libc_nano.a(libc_a-closer.o) (errno)
/usr/lib/gcc/arm-none-eabi/14.2.0/../../../../arm-none-eabi/lib/thumb/v7e-m+dp/hard/libc_nano.a(libc_a-impure.o)
                              /usr/lib/gcc/arm-none-eabi/14.2.0/../../../../arm-none-eabi/lib/thumb/v7e-m+dp/hard/libc_nano.a(libc_a-reent.o) (_impure_ptr)
/usr/lib/gcc/arm-none-eabi/14.2.0/../../../../arm-none-eabi/lib/thumb/v7e-m+dp/hard/libc_nano.a(libc_a-lseekr.o)
                              /usr/lib/gcc/arm-none-eabi/14.2.0/../../../../arm-none-eabi/lib/thumb/v7e-m+dp/hard/libc_nano.a(libc_a-stdio.o) (_lseek_r)
/usr/lib/gcc/arm-none-eabi/14.2.0/../../../../arm-none-eabi/lib/thumb/v7e-m+dp/hard/libc_nano.a(libc_a-readr.o)
                              /usr/lib/gcc/arm-none-eabi/14.2.0/../../../../arm-none-eabi/lib/thumb/v7e-m+dp/hard/libc_nano.a(libc_a-stdio.o) (_read_r)
/usr/lib/gcc/arm-none-eabi/14.2.0/../../../../arm-none-eabi/lib/thumb/v7e-m+dp/hard/libc_nano.a(libc_a-writer.o)
                              /usr/lib/gcc/arm-none-eabi/14.2.0/../../../../arm-none-eabi/lib/thumb/v7e-m+dp/hard/libc_nano.a(libc_a-stdio.o) (_write_r)
/usr/lib/gcc/arm-none-eabi/14.2.0/../../../../arm-none-eabi/lib/thumb/v7e-m+dp/hard/libc_nano.a(libc_a-errno.o)
                              build/sysmem.o (__errno)
/usr/lib/gcc/arm-none-eabi/14.2.0/../../../../arm-none-eabi/lib/thumb/v7e-m+dp/hard/libc_nano.a(libc_a-init.o)
                              /usr/lib/gcc/arm-none-eabi/14.2.0/../../../../arm-none-eabi/lib/thumb/v7e-m+dp/hard/crt0.o (__libc_init_array)
/usr/lib/gcc/arm-none-eabi/14.2.0/../../../../arm-none-eabi/lib/thumb/v7e-m+dp/hard/libc_nano.a(libc_a-fini.o)
                              /usr/lib/gcc/arm-none-eabi/14.2.0/../../../../arm-none-eabi/lib/thumb/v7e-m+dp/hard/crt0.o (__libc_fini_array)
/usr/lib/gcc/arm-none-eabi/14.2.0/../../../../arm-none-eabi/lib/thumb/v7e-m+dp/hard/libc_nano.a(libc_a-lock.o)
                              /usr/lib/gcc/arm-none-eabi/14.2.0/../../../../arm-none-eabi/lib/thumb/v7e-m+dp/hard/libc_nano.a(libc_a-findfp.o) (__retarget_lock_init_recursive)
/usr/lib/gcc/arm-none-eabi/14.2.0/../../../../arm-none-eabi/lib/thumb/v7e-m+dp/hard/libc_nano.a(libc_a-__atexit.o)
                              /usr/lib/gcc/arm-none-eabi/14.2.0/../../../../arm-none-eabi/lib/thumb/v7e-m+dp/hard/libc_nano.a(libc_a-atexit.o) (__register_exitproc)
/usr/lib/gcc/arm-none-eabi/14.2.0/../../../../arm-none-eabi/lib/thumb/v7e-m+dp/hard/libc_nano.a(libc_a-__call_atexit.o)
                              /usr/lib/gcc/arm-none-eabi/14.2.0/../../../../arm-none-eabi/lib/thumb/v7e-m+dp/hard/libc_nano.a(libc_a-__atexit.o) (__call_exitprocs)
/usr/lib/gcc/arm-none-eabi/14.2.0/../../../../arm-none-eabi/lib/thumb/v7e-m+dp/hard/libc_nano.a(libc_a-freer.o)
                              /usr/lib/gcc/arm-none-eabi/14.2.0/../../../../arm-none-eabi/lib/thumb/v7e-m+dp/hard/libc_nano.a(libc_a-reent.o) (_free_r)
[...]
Memory Configuration

Name             Origin             Length             Attributes
FLASH            0x08000000         0x00100000         xr
RAM              0x20000000         0x00020000         xrw
ITCMRAM          0x00000000         0x00010000         xrw
*default*        0x00000000         0xffffffff

Linker script and memory map

LOAD /usr/lib/gcc/arm-none-eabi/14.2.0/thumb/v7e-m+dp/hard/crti.o
LOAD /usr/lib/gcc/arm-none-eabi/14.2.0/thumb/v7e-m+dp/hard/crtbegin.o
LOAD /usr/lib/gcc/arm-none-eabi/14.2.0/../../../../arm-none-eabi/lib/thumb/v7e-m+dp/hard/crt0.o
LOAD build/main.o
LOAD build/stm32h7xx_it.o
LOAD build/stm32h7xx_hal_msp.o
LOAD build/stm32h7xx_nucleo.o
LOAD build/stm32h7xx_hal_cortex.o
LOAD build/stm32h7xx_hal_rcc.o
LOAD build/stm32h7xx_hal_rcc_ex.o
LOAD build/stm32h7xx_hal_flash.o
LOAD build/stm32h7xx_hal_flash_ex.o
LOAD build/stm32h7xx_hal_gpio.o
LOAD build/stm32h7xx_hal_hsem.o
LOAD build/stm32h7xx_hal_dma.o
LOAD build/stm32h7xx_hal_dma_ex.o
LOAD build/stm32h7xx_hal_mdma.o
LOAD build/stm32h7xx_hal_pwr.o
LOAD build/stm32h7xx_hal_pwr_ex.o
LOAD build/stm32h7xx_hal.o
LOAD build/stm32h7xx_hal_i2c.o
LOAD build/stm32h7xx_hal_i2c_ex.o
LOAD build/stm32h7xx_hal_exti.o
LOAD build/stm32h7xx_hal_spi.o
LOAD build/stm32h7xx_hal_spi_ex.o
LOAD build/stm32h7xx_hal_tim.o
LOAD build/stm32h7xx_hal_tim_ex.o
LOAD build/stm32h7xx_hal_usart.o
LOAD build/stm32h7xx_hal_usart_ex.o
LOAD build/stm32h7xx_hal_uart_ex.o
LOAD build/stm32h7xx_hal_uart.o
LOAD build/system_stm32h7xx_dualcore_boot_cm4_cm7.o
LOAD build/sysmem.o
LOAD build/syscalls.o
LOAD build/ILI9341.o
LOAD build/test_image.o
LOAD build/startup_stm32h755xx_CM7.o
LOAD /usr/lib/gcc/arm-none-eabi/14.2.0/../../../../arm-none-eabi/lib/thumb/v7e-m+dp/hard/libc_nano.a
LOAD /usr/lib/gcc/arm-none-eabi/14.2.0/../../../../arm-none-eabi/lib/thumb/v7e-m+dp/hard/libm.a
LOAD /usr/lib/gcc/arm-none-eabi/14.2.0/../../../../arm-none-eabi/lib/thumb/v7e-m+dp/hard/libnosys.a
START GROUP
LOAD /usr/lib/gcc/arm-none-eabi/14.2.0/thumb/v7e-m+dp/hard/libgcc.a
LOAD /usr/lib/gcc/arm-none-eabi/14.2.0/../../../../arm-none-eabi/lib/thumb/v7e-m+dp/hard/libc_nano.a
END GROUP
START GROUP
LOAD /usr/lib/gcc/arm-none-eabi/14.2.0/thumb/v7e-m+dp/hard/libgcc.a
LOAD /usr/lib/gcc/arm-none-eabi/14.2.0/../../../../arm-none-eabi/lib/thumb/v7e-m+dp/hard/libc_nano.a
END GROUP
LOAD /usr/lib/gcc/arm-none-eabi/14.2.0/thumb/v7e-m+dp/hard/crtend.o
LOAD /usr/lib/gcc/arm-none-eabi/14.2.0/thumb/v7e-m+dp/hard/crtn.o
                0x20020000                        _estack = 0x20020000
                0x00000200                        _Min_Heap_Size = 0x200
                0x00000400                        _Min_Stack_Size = 0x400

.isr_vector     0x08000000      0x298
                0x08000000                        . = ALIGN (0x4)
 *(.isr_vector)
 .isr_vector    0x08000000      0x298 build/startup_stm32h755xx_CM7.o
                0x08000000                g_pfnVectors
                0x08000298                        . = ALIGN (0x4)

.text           0x08000298     0x3940
                0x08000298                        . = ALIGN (0x4)
 *(.text)
 .text          0x08000298       0x30 /usr/lib/gcc/arm-none-eabi/14.2.0/thumb/v7e-m+dp/hard/libgcc.a(_aeabi_uldivmod.o)
                0x08000298                __aeabi_uldivmod
 .text          0x080002c8        0x4 /usr/lib/gcc/arm-none-eabi/14.2.0/thumb/v7e-m+dp/hard/libgcc.a(_dvmd_tls.o)
                0x080002c8                __aeabi_ldiv0
                0x080002c8                __aeabi_idiv0
 *(.text*)
 .text.__do_global_dtors_aux
                0x080002cc       0x24 /usr/lib/gcc/arm-none-eabi/14.2.0/thumb/v7e-m+dp/hard/crtbegin.o
 .text.frame_dummy
                0x080002f0       0x1c /usr/lib/gcc/arm-none-eabi/14.2.0/thumb/v7e-m+dp/hard/crtbegin.o
 .text.MX_GPIO_Init
                0x0800030c      0x1b0 build/main.o
 .text.Error_Handler
                0x080004bc       0x10 build/main.o
                0x080004bc                Error_Handler
 .text.MX_SPI1_Init
                0x080004cc       0x58 build/main.o
 .text.SystemClock_Config
                0x08000524       0xc0 build/main.o
                0x08000524                SystemClock_Config
 .text.main     0x080005e4      0x120 build/main.o
                0x080005e4                main
 .text.NMI_Handler
                0x08000704        0x2 build/stm32h7xx_it.o
                0x08000704                NMI_Handler
 .text.HardFault_Handler
                0x08000706        0x2 build/stm32h7xx_it.o
                0x08000706                HardFault_Handler
 .text.MemManage_Handler
                0x08000708        0x2 build/stm32h7xx_it.o
                0x08000708                MemManage_Handler
 .text.BusFault_Handler
                0x0800070a        0x2 build/stm32h7xx_it.o
                0x0800070a                BusFault_Handler
 .text.UsageFault_Handler
                0x0800070c        0x2 build/stm32h7xx_it.o
                0x0800070c                UsageFault_Handler
 .text.SVC_Handler
                0x0800070e        0x2 build/stm32h7xx_it.o
                0x0800070e                SVC_Handler
 .text.DebugMon_Handler
                0x08000710        0x2 build/stm32h7xx_it.o
                0x08000710                DebugMon_Handler
 .text.PendSV_Handler
                0x08000712        0x2 build/stm32h7xx_it.o
                0x08000712                PendSV_Handler
 .text.SysTick_Handler
                0x08000714        0x8 build/stm32h7xx_it.o
                0x08000714                SysTick_Handler
 .text.EXTI15_10_IRQHandler
                0x0800071c        0xa build/stm32h7xx_it.o
                0x0800071c                EXTI15_10_IRQHandler
 *fill*         0x08000726        0x2 
 .text.HAL_MspInit
                0x08000728       0x24 build/stm32h7xx_hal_msp.o
                0x08000728                HAL_MspInit
 .text.HAL_SPI_MspInit
                0x0800074c       0xcc build/stm32h7xx_hal_msp.o
                0x0800074c                HAL_SPI_MspInit
 .text.COM1_MspInit
                0x08000818       0x8c build/stm32h7xx_nucleo.o
 .text.BSP_LED_Init
                0x080008a4       0xa4 build/stm32h7xx_nucleo.o
                0x080008a4                BSP_LED_Init
 .text.BSP_PB_Init
                0x08000948       0x8c build/stm32h7xx_nucleo.o
                0x08000948                BSP_PB_Init
 .text.BSP_PB_IRQHandler
                0x080009d4       0x14 build/stm32h7xx_nucleo.o
                0x080009d4                BSP_PB_IRQHandler
 .text.BSP_PB_Callback
                0x080009e8        0x2 build/stm32h7xx_nucleo.o
                0x080009e8                BSP_PB_Callback
 .text.BUTTON_USER_EXTI_Callback
                0x080009ea        0xa build/stm32h7xx_nucleo.o
 .text.MX_USART3_Init
                0x080009f4       0x30 build/stm32h7xx_nucleo.o
                0x080009f4                MX_USART3_Init
 .text.BSP_COM_Init
                0x08000a24       0x30 build/stm32h7xx_nucleo.o
                0x08000a24                BSP_COM_Init
 .text.__NVIC_EnableIRQ
                0x08000a54       0x1c build/stm32h7xx_hal_cortex.o
 .text.__NVIC_SetPriority
                0x08000a70       0x24 build/stm32h7xx_hal_cortex.o
 .text.NVIC_EncodePriority
                0x08000a94       0x3e build/stm32h7xx_hal_cortex.o
 *fill*         0x08000ad2        0x2 
 .text.HAL_NVIC_SetPriorityGrouping
                0x08000ad4       0x24 build/stm32h7xx_hal_cortex.o
                0x08000ad4                HAL_NVIC_SetPriorityGrouping
 .text.HAL_NVIC_SetPriority
                0x08000af8       0x20 build/stm32h7xx_hal_cortex.o
                0x08000af8                HAL_NVIC_SetPriority
 .text.HAL_NVIC_EnableIRQ
                0x08000b18        0x8 build/stm32h7xx_hal_cortex.o
                0x08000b18                HAL_NVIC_EnableIRQ
 .text.HAL_SYSTICK_Config
                0x08000b20       0x28 build/stm32h7xx_hal_cortex.o
                0x08000b20                HAL_SYSTICK_Config
 .text.HAL_GetCurrentCPUID
                0x08000b48       0x18 build/stm32h7xx_hal_cortex.o
                0x08000b48                HAL_GetCurrentCPUID
 .text.HAL_RCC_OscConfig
                0x08000b60      0x6b0 build/stm32h7xx_hal_rcc.o
                0x08000b60                HAL_RCC_OscConfig
 .text.HAL_RCC_GetSysClockFreq
                0x08001210      0x1f8 build/stm32h7xx_hal_rcc.o
                0x08001210                HAL_RCC_GetSysClockFreq
 .text.HAL_RCC_ClockConfig
                0x08001408      0x294 build/stm32h7xx_hal_rcc.o
                0x08001408                HAL_RCC_ClockConfig
 .text.HAL_RCC_GetHCLKFreq
                0x0800169c       0x44 build/stm32h7xx_hal_rcc.o
                0x0800169c                HAL_RCC_GetHCLKFreq
 .text.HAL_RCC_GetPCLK1Freq
                0x080016e0       0x24 build/stm32h7xx_hal_rcc.o
                0x080016e0                HAL_RCC_GetPCLK1Freq
 .text.HAL_RCC_GetPCLK2Freq
                0x08001704       0x24 build/stm32h7xx_hal_rcc.o
                0x08001704                HAL_RCC_GetPCLK2Freq
 .text.RCCEx_PLL2_Config
                0x08001728      0x108 build/stm32h7xx_hal_rcc_ex.o
 .text.RCCEx_PLL3_Config
                0x08001830      0x108 build/stm32h7xx_hal_rcc_ex.o
 .text.HAL_RCCEx_PeriphCLKConfig
                0x08001938      0xab8 build/stm32h7xx_hal_rcc_ex.o
                0x08001938                HAL_RCCEx_PeriphCLKConfig
 .text.HAL_RCCEx_GetD3PCLK1Freq
                0x080023f0       0x24 build/stm32h7xx_hal_rcc_ex.o
                0x080023f0                HAL_RCCEx_GetD3PCLK1Freq
 .text.HAL_RCCEx_GetPLL2ClockFreq
                0x08002414      0x200 build/stm32h7xx_hal_rcc_ex.o
                0x08002414                HAL_RCCEx_GetPLL2ClockFreq
 .text.HAL_RCCEx_GetPLL3ClockFreq
                0x08002614      0x200 build/stm32h7xx_hal_rcc_ex.o
                0x08002614                HAL_RCCEx_GetPLL3ClockFreq
 .text.HAL_GPIO_Init
                0x08002814      0x220 build/stm32h7xx_hal_gpio.o
                0x08002814                HAL_GPIO_Init
 .text.HAL_GPIO_WritePin
                0x08002a34        0xc build/stm32h7xx_hal_gpio.o
                0x08002a34                HAL_GPIO_WritePin
 .text.HAL_PWREx_ConfigSupply
                0x08002a40       0x94 build/stm32h7xx_hal_pwr_ex.o
                0x08002a40                HAL_PWREx_ConfigSupply
 .text.HAL_InitTick
                0x08002ad4       0x50 build/stm32h7xx_hal.o
                0x08002ad4                HAL_InitTick
 .text.HAL_Init
                0x08002b24       0x5c build/stm32h7xx_hal.o
                0x08002b24                HAL_Init
 .text.HAL_IncTick
                0x08002b80       0x18 build/stm32h7xx_hal.o
                0x08002b80                HAL_IncTick
 .text.HAL_GetTick
                0x08002b98        0xc build/stm32h7xx_hal.o
                0x08002b98                HAL_GetTick
 .text.HAL_Delay
                0x08002ba4       0x28 build/stm32h7xx_hal.o
                0x08002ba4                HAL_Delay
 .text.HAL_GetREVID
                0x08002bcc        0xc build/stm32h7xx_hal.o
                0x08002bcc                HAL_GetREVID
 .text.HAL_EXTI_RegisterCallback
                0x08002bd8       0x12 build/stm32h7xx_hal_exti.o
                0x08002bd8                HAL_EXTI_RegisterCallback
 .text.HAL_EXTI_GetHandle
                0x08002bea        0xc build/stm32h7xx_hal_exti.o
                0x08002bea                HAL_EXTI_GetHandle
 *fill*         0x08002bf6        0x2 
 .text.HAL_EXTI_IRQHandler
                0x08002bf8       0x40 build/stm32h7xx_hal_exti.o
                0x08002bf8                HAL_EXTI_IRQHandler
 .text.SPI_GetPacketSize
                0x08002c38       0x10 build/stm32h7xx_hal_spi.o
 .text.HAL_SPI_Init
                0x08002c48      0x190 build/stm32h7xx_hal_spi.o
                0x08002c48                HAL_SPI_Init
 .text.UART_EndRxTransfer
                0x08002dd8       0x58 build/stm32h7xx_hal_uart.o
 .text.HAL_UART_MspInit
                0x08002e30        0x2 build/stm32h7xx_hal_uart.o
                0x08002e30                HAL_UART_MspInit
 *fill*         0x08002e32        0x2 
 .text.UART_SetConfig
                0x08002e34      0x5f4 build/stm32h7xx_hal_uart.o
                0x08002e34                UART_SetConfig
 .text.UART_AdvFeatureConfig
                0x08003428       0xca build/stm32h7xx_hal_uart.o
                0x08003428                UART_AdvFeatureConfig
 .text.UART_WaitOnFlagUntilTimeout
                0x080034f2       0xa6 build/stm32h7xx_hal_uart.o
                0x080034f2                UART_WaitOnFlagUntilTimeout
 .text.UART_CheckIdleState
                0x08003598       0xca build/stm32h7xx_hal_uart.o
                0x08003598                UART_CheckIdleState
 .text.HAL_UART_Init
                0x08003662       0x66 build/stm32h7xx_hal_uart.o
                0x08003662                HAL_UART_Init
 .text.SystemInit
                0x080036c8      0x108 build/system_stm32h7xx_dualcore_boot_cm4_cm7.o
                0x080036c8                SystemInit
 .text.ExitRun0Mode
                0x080037d0       0x1c build/system_stm32h7xx_dualcore_boot_cm4_cm7.o
                0x080037d0                ExitRun0Mode
 .text.writeCommand
                0x080037ec       0x34 build/ILI9341.o
                0x080037ec                writeCommand
 .text.writeData
                0x08003820       0x34 build/ILI9341.o
                0x08003820                writeData
 .text.Reset_Handler
                0x08003854       0x54 build/startup_stm32h755xx_CM7.o
                0x08003854                Reset_Handler
 .text.Default_Handler
                0x080038a8        0x2 build/startup_stm32h755xx_CM7.o
                0x080038a8                RTC_Alarm_IRQHandler
                0x080038a8                HASH_RNG_IRQHandler
                0x080038a8                EXTI2_IRQHandler
                0x080038a8                TIM8_CC_IRQHandler
                0x080038a8                HRTIM1_Master_IRQHandler
                0x080038a8                UART8_IRQHandler
                0x080038a8                SPI4_IRQHandler
                0x080038a8                TIM1_CC_IRQHandler
                0x080038a8                BDMA_Channel6_IRQHandler
                0x080038a8                DMA2_Stream5_IRQHandler
                0x080038a8                HRTIM1_FLT_IRQHandler
                0x080038a8                JPEG_IRQHandler
                0x080038a8                DMA1_Stream5_IRQHandler
                0x080038a8                BDMA_Channel1_IRQHandler
                0x080038a8                HRTIM1_TIMD_IRQHandler
                0x080038a8                TAMP_STAMP_IRQHandler
                0x080038a8                EXTI3_IRQHandler
                0x080038a8                LPTIM4_IRQHandler
                0x080038a8                TIM8_TRG_COM_TIM14_IRQHandler
                0x080038a8                LPTIM2_IRQHandler
                0x080038a8                DFSDM1_FLT1_IRQHandler
                0x080038a8                DMAMUX2_OVR_IRQHandler
                0x080038a8                TIM8_UP_TIM13_IRQHandler
                0x080038a8                I2C3_ER_IRQHandler
                0x080038a8                DFSDM1_FLT2_IRQHandler
                0x080038a8                MDMA_IRQHandler
                0x080038a8                LPTIM3_IRQHandler
                0x080038a8                HSEM1_IRQHandler
                0x080038a8                EXTI0_IRQHandler
                0x080038a8                I2C2_EV_IRQHandler
                0x080038a8                DMA1_Stream2_IRQHandler
                0x080038a8                FPU_IRQHandler
                0x080038a8                OTG_HS_WKUP_IRQHandler
                0x080038a8                FDCAN1_IT1_IRQHandler
                0x080038a8                LTDC_ER_IRQHandler
                0x080038a8                DMA2_Stream2_IRQHandler
                0x080038a8                HRTIM1_TIME_IRQHandler
                0x080038a8                SPI1_IRQHandler
                0x080038a8                TIM6_DAC_IRQHandler
                0x080038a8                DCMI_IRQHandler
                0x080038a8                HRTIM1_TIMC_IRQHandler
                0x080038a8                DMA2_Stream3_IRQHandler
                0x080038a8                SAI2_IRQHandler
                0x080038a8                DFSDM1_FLT3_IRQHandler
                0x080038a8                USART6_IRQHandler
                0x080038a8                TIM17_IRQHandler
                0x080038a8                USART3_IRQHandler
                0x080038a8                BDMA_Channel7_IRQHandler
                0x080038a8                CRYP_IRQHandler
                0x080038a8                LPTIM5_IRQHandler
                0x080038a8                UART5_IRQHandler
                0x080038a8                ADC3_IRQHandler
                0x080038a8                DMA2_Stream0_IRQHandler
                0x080038a8                TIM4_IRQHandler
                0x080038a8                BDMA_Channel2_IRQHandler
                0x080038a8                QUADSPI_IRQHandler
                0x080038a8                I2C1_EV_IRQHandler
                0x080038a8                DMA1_Stream6_IRQHandler
                0x080038a8                DMAMUX1_OVR_IRQHandler
                0x080038a8                DMA1_Stream1_IRQHandler
                0x080038a8                TIM16_IRQHandler
                0x080038a8                UART4_IRQHandler
                0x080038a8                BDMA_Channel5_IRQHandler
                0x080038a8                TIM3_IRQHandler
                0x080038a8                RCC_IRQHandler
                0x080038a8                TIM8_BRK_TIM12_IRQHandler
                0x080038a8                TIM1_TRG_COM_IRQHandler
                0x080038a8                Default_Handler
                0x080038a8                ECC_IRQHandler
                0x080038a8                CEC_IRQHandler
                0x080038a8                BDMA_Channel0_IRQHandler
                0x080038a8                ADC_IRQHandler
                0x080038a8                DMA1_Stream7_IRQHandler
                0x080038a8                HRTIM1_TIMA_IRQHandler
                0x080038a8                SPI5_IRQHandler
                0x080038a8                TIM7_IRQHandler
                0x080038a8                SDMMC1_IRQHandler
                0x080038a8                TIM5_IRQHandler
                0x080038a8                DMA2_Stream7_IRQHandler
                0x080038a8                TIM15_IRQHandler
                0x080038a8                PVD_AVD_IRQHandler
                0x080038a8                I2C3_EV_IRQHandler
                0x080038a8                EXTI9_5_IRQHandler
                0x080038a8                RTC_WKUP_IRQHandler
                0x080038a8                LTDC_IRQHandler
                0x080038a8                SAI3_IRQHandler
                0x080038a8                ETH_WKUP_IRQHandler
                0x080038a8                SPDIF_RX_IRQHandler
                0x080038a8                SPI2_IRQHandler
                0x080038a8                OTG_HS_EP1_IN_IRQHandler
                0x080038a8                DMA1_Stream0_IRQHandler
                0x080038a8                CRS_IRQHandler
                0x080038a8                CM7_SEV_IRQHandler
                0x080038a8                EXTI4_IRQHandler
                0x080038a8                CM4_SEV_IRQHandler
                0x080038a8                HRTIM1_TIMB_IRQHandler
                0x080038a8                FDCAN2_IT1_IRQHandler
                0x080038a8                ETH_IRQHandler
                0x080038a8                TIM1_UP_IRQHandler
                0x080038a8                WWDG_RST_IRQHandler
                0x080038a8                BDMA_Channel4_IRQHandler
                0x080038a8                OTG_HS_EP1_OUT_IRQHandler
                0x080038a8                WWDG_IRQHandler
                0x080038a8                SPI6_IRQHandler
                0x080038a8                MDIOS_IRQHandler
                0x080038a8                I2C4_EV_IRQHandler
                0x080038a8                FDCAN2_IT0_IRQHandler
                0x080038a8                LPUART1_IRQHandler
                0x080038a8                FDCAN1_IT0_IRQHandler
                0x080038a8                TIM2_IRQHandler
                0x080038a8                OTG_FS_WKUP_IRQHandler
                0x080038a8                OTG_HS_IRQHandler
                0x080038a8                HSEM2_IRQHandler
                0x080038a8                DMA2D_IRQHandler
                0x080038a8                TIM1_BRK_IRQHandler
                0x080038a8                EXTI1_IRQHandler
                0x080038a8                SDMMC2_IRQHandler
                0x080038a8                OTG_FS_EP1_OUT_IRQHandler
                0x080038a8                BDMA_Channel3_IRQHandler
                0x080038a8                HOLD_CORE_IRQHandler
                0x080038a8                UART7_IRQHandler
                0x080038a8                MDIOS_WKUP_IRQHandler
                0x080038a8                USART2_IRQHandler
                0x080038a8                DFSDM1_FLT0_IRQHandler
                0x080038a8                SAI4_IRQHandler
                0x080038a8                I2C2_ER_IRQHandler
                0x080038a8                DMA2_Stream1_IRQHandler
                0x080038a8                FLASH_IRQHandler
                0x080038a8                DMA2_Stream4_IRQHandler
                0x080038a8                USART1_IRQHandler
                0x080038a8                OTG_FS_IRQHandler
                0x080038a8                SPI3_IRQHandler
                0x080038a8                WAKEUP_PIN_IRQHandler
                0x080038a8                DMA1_Stream4_IRQHandler
                0x080038a8                OTG_FS_EP1_IN_IRQHandler
                0x080038a8                I2C1_ER_IRQHandler
                0x080038a8                FMC_IRQHandler
                0x080038a8                FDCAN_CAL_IRQHandler
                0x080038a8                SWPMI1_IRQHandler
                0x080038a8                COMP1_IRQHandler
                0x080038a8                LPTIM1_IRQHandler
                0x080038a8                I2C4_ER_IRQHandler
                0x080038a8                DMA2_Stream6_IRQHandler
                0x080038a8                SAI1_IRQHandler
                0x080038a8                DMA1_Stream3_IRQHandler
 .text.memset   0x080038aa       0x10 /usr/lib/gcc/arm-none-eabi/14.2.0/../../../../arm-none-eabi/lib/thumb/v7e-m+dp/hard/libc_nano.a(libc_a-memset.o)
                0x080038aa                memset
 *fill*         0x080038ba        0x2 
 .text.__libc_init_array
                0x080038bc       0x48 /usr/lib/gcc/arm-none-eabi/14.2.0/../../../../arm-none-eabi/lib/thumb/v7e-m+dp/hard/libc_nano.a(libc_a-init.o)
                0x080038bc                __libc_init_array
 .text.__udivmoddi4
                0x08003904      0x2bc /usr/lib/gcc/arm-none-eabi/14.2.0/thumb/v7e-m+dp/hard/libgcc.a(_udivmoddi4.o)
                0x08003904                __udivmoddi4
 *(.glue_7)
 .glue_7        0x08003bc0        0x0 linker stubs
 *(.glue_7t)
 .glue_7t       0x08003bc0        0x0 linker stubs
 *(.eh_frame)
 .eh_frame      0x08003bc0        0x0 /usr/lib/gcc/arm-none-eabi/14.2.0/thumb/v7e-m+dp/hard/crtbegin.o
 *(.init)
 .init          0x08003bc0        0x4 /usr/lib/gcc/arm-none-eabi/14.2.0/thumb/v7e-m+dp/hard/crti.o
                0x08003bc0                _init
 .init          0x08003bc4        0x8 /usr/lib/gcc/arm-none-eabi/14.2.0/thumb/v7e-m+dp/hard/crtn.o
 *(.fini)
 .fini          0x08003bcc        0x4 /usr/lib/gcc/arm-none-eabi/14.2.0/thumb/v7e-m+dp/hard/crti.o
                0x08003bcc                _fini
 .fini          0x08003bd0        0x8 /usr/lib/gcc/arm-none-eabi/14.2.0/thumb/v7e-m+dp/hard/crtn.o
                0x08003bd8                        . = ALIGN (0x4)
                0x08003bd8                        _etext = .

.vfp11_veneer   0x08003bd8        0x0
 .vfp11_veneer  0x08003bd8        0x0 linker stubs

.v4_bx          0x08003bd8        0x0
 .v4_bx         0x08003bd8        0x0 linker stubs

.iplt           0x08003bd8        0x0
 .iplt          0x08003bd8        0x0 /usr/lib/gcc/arm-none-eabi/14.2.0/thumb/v7e-m+dp/hard/crtbegin.o

.rodata         0x08003bd8    0x4b03c
                0x08003bd8                        . = ALIGN (0x4)
 *(.rodata)
 *(.rodata*)
 .rodata.LED_PIN
                0x08003bd8        0x6 build/stm32h7xx_nucleo.o
 *fill*         0x08003bde        0x2 
 .rodata.LED_PORT
                0x08003be0        0xc build/stm32h7xx_nucleo.o
 .rodata.UARTPrescTable
                0x08003bec       0x18 build/stm32h7xx_hal_uart.o
                0x08003bec                UARTPrescTable
 .rodata.D1CorePrescTable
                0x08003c04       0x10 build/system_stm32h7xx_dualcore_boot_cm4_cm7.o
                0x08003c04                D1CorePrescTable
 .rodata.image_raw
                0x08003c14    0x4b000 build/test_image.o
                0x08003c14                image_raw
                0x0804ec14                        . = ALIGN (0x4)

.ARM.extab      0x0804ec14        0x0
                0x0804ec14                        . = ALIGN (0x4)
 *(.ARM.extab* .gnu.linkonce.armextab.*)
                0x0804ec14                        . = ALIGN (0x4)

.ARM            0x0804ec14        0x8
                0x0804ec14                        . = ALIGN (0x4)
                0x0804ec14                        __exidx_start = .
 *(.ARM.exidx*)
 .ARM.exidx.text.__udivmoddi4
                0x0804ec14        0x8 /usr/lib/gcc/arm-none-eabi/14.2.0/thumb/v7e-m+dp/hard/libgcc.a(_udivmoddi4.o)
                0x0804ec1c                        __exidx_end = .
                0x0804ec1c                        . = ALIGN (0x4)

.preinit_array  0x0804ec1c        0x0
                0x0804ec1c                        . = ALIGN (0x4)
                0x0804ec1c                        PROVIDE (__preinit_array_start = .)
 *(.preinit_array*)
                0x0804ec1c                        PROVIDE (__preinit_array_end = .)
                0x0804ec1c                        . = ALIGN (0x4)

.init_array     0x0804ec1c        0x4
                0x0804ec1c                        . = ALIGN (0x4)
                0x0804ec1c                        PROVIDE (__init_array_start = .)
 *(SORT_BY_NAME(.init_array.*))
 *(.init_array*)
 .init_array    0x0804ec1c        0x4 /usr/lib/gcc/arm-none-eabi/14.2.0/thumb/v7e-m+dp/hard/crtbegin.o
                0x0804ec20                        PROVIDE (__init_array_end = .)
                0x0804ec20                        . = ALIGN (0x4)

.fini_array     0x0804ec20        0x4
                0x0804ec20                        . = ALIGN (0x4)
                0x0804ec20                        PROVIDE (__fini_array_start = .)
 *(SORT_BY_NAME(.fini_array.*))
 *(.fini_array*)
 .fini_array    0x0804ec20        0x4 /usr/lib/gcc/arm-none-eabi/14.2.0/thumb/v7e-m+dp/hard/crtbegin.o
                0x0804ec24                        PROVIDE (__fini_array_end = .)
                0x0804ec24                        . = ALIGN (0x4)
                0x0804ec24                        _sidata = LOADADDR (.data)

.rel.dyn        0x0804ec24        0x0
 .rel.iplt      0x0804ec24        0x0 /usr/lib/gcc/arm-none-eabi/14.2.0/thumb/v7e-m+dp/hard/crtbegin.o

.data           0x20000000       0x14 load address 0x0804ec24
                0x20000000                        . = ALIGN (0x4)
                0x20000000                        _sdata = .
 *(.data)
 *(.data*)
 .data.COM_USART
                0x20000000        0x4 build/stm32h7xx_nucleo.o
                0x20000000                COM_USART
 .data.uwTickFreq
                0x20000004        0x1 build/stm32h7xx_hal.o
                0x20000004                uwTickFreq
 *fill*         0x20000005        0x3 
 .data.uwTickPrio
                0x20000008        0x4 build/stm32h7xx_hal.o
                0x20000008                uwTickPrio
 .data.SystemD2Clock
                0x2000000c        0x4 build/system_stm32h7xx_dualcore_boot_cm4_cm7.o
                0x2000000c                SystemD2Clock
 .data.SystemCoreClock
                0x20000010        0x4 build/system_stm32h7xx_dualcore_boot_cm4_cm7.o
                0x20000010                SystemCoreClock
                0x20000014                        . = ALIGN (0x4)

.igot.plt       0x20000014        0x0 load address 0x0804ec38
 .igot.plt      0x20000014        0x0 /usr/lib/gcc/arm-none-eabi/14.2.0/thumb/v7e-m+dp/hard/crtbegin.o

.tdata          0x20000014        0x0 load address 0x0804ec38
 *(.tdata .tdata.* .gnu.linkonce.td.*)
                0x20000014                        . = ALIGN (0x4)
                0x20000014                        _edata = .
                [!provide]                        PROVIDE (__data_end = .)
                [!provide]                        PROVIDE (__tdata_end = .)
                [!provide]                        PROVIDE (__tdata_start = ADDR (.tdata))
                [!provide]                        PROVIDE (__tdata_size = (__tdata_end - __tdata_start))
                [!provide]                        PROVIDE (__data_start = ADDR (.data))
                [!provide]                        PROVIDE (__data_size = (__data_end - __data_start))
                [!provide]                        PROVIDE (__tdata_source = LOADADDR (.tdata))
                [!provide]                        PROVIDE (__tdata_source_end = (LOADADDR (.tdata) + SIZEOF (.tdata)))
                [!provide]                        PROVIDE (__tdata_source_size = (__tdata_source_end - __tdata_source))
                [!provide]                        PROVIDE (__data_source = LOADADDR (.data))
                [!provide]                        PROVIDE (__data_source_end = __tdata_source_end)
                [!provide]                        PROVIDE (__data_source_size = (__data_source_end - __data_source))

.tbss           0x20000014        0x0 load address 0x0804ec38
                0x20000014                        _sbss = .
                0x20000014                        __bss_start__ = _sbss
 *(.tbss .tbss.*)
                0x20000014                        . = ALIGN (0x4)
                [!provide]                        PROVIDE (__tbss_end = .)
                [!provide]                        PROVIDE (__tbss_start = ADDR (.tbss))
                [!provide]                        PROVIDE (__tbss_size = (__tbss_end - __tbss_start))
                [!provide]                        PROVIDE (__tbss_offset = (ADDR (.tbss) - ADDR (.tdata)))
                [!provide]                        PROVIDE (__tls_base = __tdata_start)
                [!provide]                        PROVIDE (__tls_end = __tbss_end)
                [!provide]                        PROVIDE (__tls_size = (__tls_end - __tls_base))
                [!provide]                        PROVIDE (__tls_align = MAX (ALIGNOF (.tdata), ALIGNOF (.tbss)))
                [!provide]                        PROVIDE (__tls_size_align = (((__tls_size + __tls_align) - 0x1) & ~ ((__tls_align - 0x1))))
                [!provide]                        PROVIDE (__arm32_tls_tcb_offset = MAX (0x8, __tls_align))
                [!provide]                        PROVIDE (__arm64_tls_tcb_offset = MAX (0x10, __tls_align))

.bss            0x20000014      0x154 load address 0x0804ec38
 *(.bss)
 *(.bss*)
 .bss.completed.1
                0x20000014        0x1 /usr/lib/gcc/arm-none-eabi/14.2.0/thumb/v7e-m+dp/hard/crtbegin.o
 *fill*         0x20000015        0x3 
 .bss.object.0  0x20000018       0x18 /usr/lib/gcc/arm-none-eabi/14.2.0/thumb/v7e-m+dp/hard/crtbegin.o
 .bss.hspi1     0x20000030       0x88 build/main.o
                0x20000030                hspi1
 .bss.BspCOMInit
                0x200000b8       0x10 build/main.o
                0x200000b8                BspCOMInit
 .bss.hcom_uart
                0x200000c8       0x94 build/stm32h7xx_nucleo.o
                0x200000c8                hcom_uart
 .bss.hpb_exti  0x2000015c        0x8 build/stm32h7xx_nucleo.o
                0x2000015c                hpb_exti
 .bss.uwTick    0x20000164        0x4 build/stm32h7xx_hal.o
                0x20000164                uwTick
 *(COMMON)
                0x20000168                        . = ALIGN (0x4)
                0x20000168                        _ebss = .
                0x20000168                        __bss_end__ = _ebss
                [!provide]                        PROVIDE (__bss_end = .)
                [!provide]                        PROVIDE (__non_tls_bss_start = ADDR (.bss))
                [!provide]                        PROVIDE (__bss_start = __tbss_start)
                [!provide]                        PROVIDE (__bss_size = (__bss_end - __bss_start))

._user_heap_stack
                0x20000168      0x600 load address 0x0804ec38
                0x20000168                        . = ALIGN (0x8)
                [!provide]                        PROVIDE (end = .)
                0x20000168                        PROVIDE (_end = .)
                0x20000368                        . = (. + _Min_Heap_Size)
 *fill*         0x20000168      0x200 
                0x20000768                        . = (. + _Min_Stack_Size)
 *fill*         0x20000368      0x400 
                0x20000768                        . = ALIGN (0x8)

/DISCARD/
 libc.a:*(*)
 libm.a:*(*)
 libgcc.a:*(*)

.ARM.attributes
                0x00000000       0x2e
 *(.ARM.attributes)
 .ARM.attributes
                0x00000000       0x20 /usr/lib/gcc/arm-none-eabi/14.2.0/thumb/v7e-m+dp/hard/crti.o
 .ARM.attributes
                0x00000020       0x32 /usr/lib/gcc/arm-none-eabi/14.2.0/thumb/v7e-m+dp/hard/crtbegin.o
 .ARM.attributes
                0x00000052       0x32 build/main.o
 .ARM.attributes
                0x00000084       0x32 build/stm32h7xx_it.o
 .ARM.attributes
                0x000000b6       0x32 build/stm32h7xx_hal_msp.o
 .ARM.attributes
                0x000000e8       0x32 build/stm32h7xx_nucleo.o
 .ARM.attributes
                0x0000011a       0x32 build/stm32h7xx_hal_cortex.o
 .ARM.attributes
                0x0000014c       0x32 build/stm32h7xx_hal_rcc.o
 .ARM.attributes
                0x0000017e       0x32 build/stm32h7xx_hal_rcc_ex.o
 .ARM.attributes
                0x000001b0       0x32 build/stm32h7xx_hal_gpio.o
 .ARM.attributes
                0x000001e2       0x32 build/stm32h7xx_hal_pwr_ex.o
 .ARM.attributes
                0x00000214       0x32 build/stm32h7xx_hal.o
 .ARM.attributes
                0x00000246       0x32 build/stm32h7xx_hal_exti.o
 .ARM.attributes
                0x00000278       0x32 build/stm32h7xx_hal_spi.o
 .ARM.attributes
                0x000002aa       0x32 build/stm32h7xx_hal_uart.o
 .ARM.attributes
                0x000002dc       0x32 build/system_stm32h7xx_dualcore_boot_cm4_cm7.o
 .ARM.attributes
                0x0000030e       0x32 build/ILI9341.o
 .ARM.attributes
                0x00000340       0x32 build/test_image.o
 .ARM.attributes
                0x00000372       0x21 build/startup_stm32h755xx_CM7.o
 .ARM.attributes
                0x00000393       0x32 /usr/lib/gcc/arm-none-eabi/14.2.0/../../../../arm-none-eabi/lib/thumb/v7e-m+dp/hard/libc_nano.a(libc_a-memset.o)
 .ARM.attributes
                0x000003c5       0x32 /usr/lib/gcc/arm-none-eabi/14.2.0/../../../../arm-none-eabi/lib/thumb/v7e-m+dp/hard/libc_nano.a(libc_a-init.o)
 .ARM.attributes
                0x000003f7       0x20 /usr/lib/gcc/arm-none-eabi/14.2.0/thumb/v7e-m+dp/hard/libgcc.a(_aeabi_uldivmod.o)
 .ARM.attributes
                0x00000417       0x32 /usr/lib/gcc/arm-none-eabi/14.2.0/thumb/v7e-m+dp/hard/libgcc.a(_udivmoddi4.o)
 .ARM.attributes
                0x00000449       0x20 /usr/lib/gcc/arm-none-eabi/14.2.0/thumb/v7e-m+dp/hard/libgcc.a(_dvmd_tls.o)
 .ARM.attributes
                0x00000469       0x20 /usr/lib/gcc/arm-none-eabi/14.2.0/thumb/v7e-m+dp/hard/crtn.o
OUTPUT(build/Music_Player_CM7.elf elf32-littlearm)
LOAD linker stubs

.debug_info     0x00000000    0x196c8
 .debug_info    0x00000000     0x1da6 build/main.o
 .debug_info    0x00001da6      0x1d5 build/stm32h7xx_it.o
 .debug_info    0x00001f7b     0x13b9 build/stm32h7xx_hal_msp.o
 .debug_info    0x00003334     0x2131 build/stm32h7xx_nucleo.o
 .debug_info    0x00005465     0x15a0 build/stm32h7xx_hal_cortex.o
 .debug_info    0x00006a05     0x1411 build/stm32h7xx_hal_rcc.o
 .debug_info    0x00007e16     0x1e0c build/stm32h7xx_hal_rcc_ex.o
 .debug_info    0x00009c22      0xfcd build/stm32h7xx_hal_gpio.o
 .debug_info    0x0000abef     0x1705 build/stm32h7xx_hal_pwr_ex.o
 .debug_info    0x0000c2f4     0x1bd2 build/stm32h7xx_hal.o
 .debug_info    0x0000dec6      0xc57 build/stm32h7xx_hal_exti.o
 .debug_info    0x0000eb1d     0x1d19 build/stm32h7xx_hal_spi.o
 .debug_info    0x00010836     0x6ae0 build/stm32h7xx_hal_uart.o
 .debug_info    0x00017316     0x1071 build/system_stm32h7xx_dualcore_boot_cm4_cm7.o
 .debug_info    0x00018387      0x8c5 build/ILI9341.o
 .debug_info    0x00018c4c       0xfe build/test_image.o
 .debug_info    0x00018d4a       0x30 build/startup_stm32h755xx_CM7.o
 .debug_info    0x00018d7a       0xe0 /usr/lib/gcc/arm-none-eabi/14.2.0/../../../../arm-none-eabi/lib/thumb/v7e-m+dp/hard/libc_nano.a(libc_a-memset.o)
 .debug_info    0x00018e5a      0x10b /usr/lib/gcc/arm-none-eabi/14.2.0/../../../../arm-none-eabi/lib/thumb/v7e-m+dp/hard/libc_nano.a(libc_a-init.o)
 .debug_info    0x00018f65       0x24 /usr/lib/gcc/arm-none-eabi/14.2.0/thumb/v7e-m+dp/hard/libgcc.a(_aeabi_uldivmod.o)
 .debug_info    0x00018f89      0x703 /usr/lib/gcc/arm-none-eabi/14.2.0/thumb/v7e-m+dp/hard/libgcc.a(_udivmoddi4.o)
 .debug_info    0x0001968c       0x3c /usr/lib/gcc/arm-none-eabi/14.2.0/thumb/v7e-m+dp/hard/libgcc.a(_dvmd_tls.o)

.debug_abbrev   0x00000000     0x293f
 .debug_abbrev  0x00000000      0x2d0 build/main.o
 .debug_abbrev  0x000002d0       0xde build/stm32h7xx_it.o
 .debug_abbrev  0x000003ae      0x212 build/stm32h7xx_hal_msp.o
 .debug_abbrev  0x000005c0      0x382 build/stm32h7xx_nucleo.o
 .debug_abbrev  0x00000942      0x3e6 build/stm32h7xx_hal_cortex.o
 .debug_abbrev  0x00000d28      0x29b build/stm32h7xx_hal_rcc.o
 .debug_abbrev  0x00000fc3      0x285 build/stm32h7xx_hal_rcc_ex.o
 .debug_abbrev  0x00001248      0x25a build/stm32h7xx_hal_gpio.o
 .debug_abbrev  0x000014a2      0x2ef build/stm32h7xx_hal_pwr_ex.o
 .debug_abbrev  0x00001791      0x2b1 build/stm32h7xx_hal.o
 .debug_abbrev  0x00001a42      0x223 build/stm32h7xx_hal_exti.o
 .debug_abbrev  0x00001c65      0x309 build/stm32h7xx_hal_spi.o
 .debug_abbrev  0x00001f6e      0x391 build/stm32h7xx_hal_uart.o
 .debug_abbrev  0x000022ff      0x144 build/system_stm32h7xx_dualcore_boot_cm4_cm7.o
 .debug_abbrev  0x00002443      0x14e build/ILI9341.o
 .debug_abbrev  0x00002591       0x86 build/test_image.o
 .debug_abbrev  0x00002617       0x1d build/startup_stm32h755xx_CM7.o
 .debug_abbrev  0x00002634       0x9e /usr/lib/gcc/arm-none-eabi/14.2.0/../../../../arm-none-eabi/lib/thumb/v7e-m+dp/hard/libc_nano.a(libc_a-memset.o)
 .debug_abbrev  0x000026d2       0xc9 /usr/lib/gcc/arm-none-eabi/14.2.0/../../../../arm-none-eabi/lib/thumb/v7e-m+dp/hard/libc_nano.a(libc_a-init.o)
 .debug_abbrev  0x0000279b       0x14 /usr/lib/gcc/arm-none-eabi/14.2.0/thumb/v7e-m+dp/hard/libgcc.a(_aeabi_uldivmod.o)
 .debug_abbrev  0x000027af      0x16a /usr/lib/gcc/arm-none-eabi/14.2.0/thumb/v7e-m+dp/hard/libgcc.a(_udivmoddi4.o)
 .debug_abbrev  0x00002919       0x26 /usr/lib/gcc/arm-none-eabi/14.2.0/thumb/v7e-m+dp/hard/libgcc.a(_dvmd_tls.o)

.debug_loc      0x00000000     0xeb76
 .debug_loc     0x00000000       0xe2 build/main.o
 .debug_loc     0x000000e2       0x40 build/stm32h7xx_it.o
 .debug_loc     0x00000122      0x148 build/stm32h7xx_hal_msp.o
 .debug_loc     0x0000026a      0x979 build/stm32h7xx_nucleo.o
 .debug_loc     0x00000be3      0x898 build/stm32h7xx_hal_cortex.o
 .debug_loc     0x0000147b      0xb18 build/stm32h7xx_hal_rcc.o
 .debug_loc     0x00001f93     0x20f9 build/stm32h7xx_hal_rcc_ex.o
 .debug_loc     0x0000408c      0x4b2 build/stm32h7xx_hal_gpio.o
 .debug_loc     0x0000453e      0x8f5 build/stm32h7xx_hal_pwr_ex.o
 .debug_loc     0x00004e33      0x6fb build/stm32h7xx_hal.o
 .debug_loc     0x0000552e      0xf1f build/stm32h7xx_hal_exti.o
 .debug_loc     0x0000644d     0x1edd build/stm32h7xx_hal_spi.o
 .debug_loc     0x0000832a     0x65fe build/stm32h7xx_hal_uart.o
 .debug_loc     0x0000e928      0x1d8 build/system_stm32h7xx_dualcore_boot_cm4_cm7.o
 .debug_loc     0x0000eb00       0x76 build/ILI9341.o

.debug_aranges  0x00000000      0xd68
 .debug_aranges
                0x00000000       0x40 build/main.o
 .debug_aranges
                0x00000040       0x68 build/stm32h7xx_it.o
 .debug_aranges
                0x000000a8       0x30 build/stm32h7xx_hal_msp.o
 .debug_aranges
                0x000000d8       0xb8 build/stm32h7xx_nucleo.o
 .debug_aranges
                0x00000190       0xf8 build/stm32h7xx_hal_cortex.o
 .debug_aranges
                0x00000288       0x88 build/stm32h7xx_hal_rcc.o
 .debug_aranges
                0x00000310      0x100 build/stm32h7xx_hal_rcc_ex.o
 .debug_aranges
                0x00000410       0x58 build/stm32h7xx_hal_gpio.o
 .debug_aranges
                0x00000468      0x170 build/stm32h7xx_hal_pwr_ex.o
 .debug_aranges
                0x000005d8      0x200 build/stm32h7xx_hal.o
 .debug_aranges
                0x000007d8       0x60 build/stm32h7xx_hal_exti.o
 .debug_aranges
                0x00000838      0x1a8 build/stm32h7xx_hal_spi.o
 .debug_aranges
                0x000009e0      0x248 build/stm32h7xx_hal_uart.o
 .debug_aranges
                0x00000c28       0x30 build/system_stm32h7xx_dualcore_boot_cm4_cm7.o
 .debug_aranges
                0x00000c58       0x30 build/ILI9341.o
 .debug_aranges
                0x00000c88       0x18 build/test_image.o
 .debug_aranges
                0x00000ca0       0x28 build/startup_stm32h755xx_CM7.o
 .debug_aranges
                0x00000cc8       0x20 /usr/lib/gcc/arm-none-eabi/14.2.0/../../../../arm-none-eabi/lib/thumb/v7e-m+dp/hard/libc_nano.a(libc_a-memset.o)
 .debug_aranges
                0x00000ce8       0x20 /usr/lib/gcc/arm-none-eabi/14.2.0/../../../../arm-none-eabi/lib/thumb/v7e-m+dp/hard/libc_nano.a(libc_a-init.o)
 .debug_aranges
                0x00000d08       0x20 /usr/lib/gcc/arm-none-eabi/14.2.0/thumb/v7e-m+dp/hard/libgcc.a(_aeabi_uldivmod.o)
 .debug_aranges
                0x00000d28       0x20 /usr/lib/gcc/arm-none-eabi/14.2.0/thumb/v7e-m+dp/hard/libgcc.a(_udivmoddi4.o)
 .debug_aranges
                0x00000d48       0x20 /usr/lib/gcc/arm-none-eabi/14.2.0/thumb/v7e-m+dp/hard/libgcc.a(_dvmd_tls.o)

.debug_ranges   0x00000000      0xc88
 .debug_ranges  0x00000000       0x30 build/main.o
 .debug_ranges  0x00000030       0x58 build/stm32h7xx_it.o
 .debug_ranges  0x00000088       0x20 build/stm32h7xx_hal_msp.o
 .debug_ranges  0x000000a8       0xa8 build/stm32h7xx_nucleo.o
 .debug_ranges  0x00000150       0xe8 build/stm32h7xx_hal_cortex.o
 .debug_ranges  0x00000238       0xe8 build/stm32h7xx_hal_rcc.o
 .debug_ranges  0x00000320       0xf0 build/stm32h7xx_hal_rcc_ex.o
 .debug_ranges  0x00000410       0x48 build/stm32h7xx_hal_gpio.o
 .debug_ranges  0x00000458      0x1c0 build/stm32h7xx_hal_pwr_ex.o
 .debug_ranges  0x00000618      0x1f0 build/stm32h7xx_hal.o
 .debug_ranges  0x00000808       0x50 build/stm32h7xx_hal_exti.o
 .debug_ranges  0x00000858      0x198 build/stm32h7xx_hal_spi.o
 .debug_ranges  0x000009f0      0x238 build/stm32h7xx_hal_uart.o
 .debug_ranges  0x00000c28       0x20 build/system_stm32h7xx_dualcore_boot_cm4_cm7.o
 .debug_ranges  0x00000c48       0x20 build/ILI9341.o
 .debug_ranges  0x00000c68       0x20 build/startup_stm32h755xx_CM7.o

.debug_line     0x00000000     0xfb15
 .debug_line    0x00000000      0x6f2 build/main.o
 .debug_line    0x000006f2      0x1a0 build/stm32h7xx_it.o
 .debug_line    0x00000892      0x2c6 build/stm32h7xx_hal_msp.o
 .debug_line    0x00000b58      0x6c9 build/stm32h7xx_nucleo.o
 .debug_line    0x00001221      0x7fc build/stm32h7xx_hal_cortex.o
 .debug_line    0x00001a1d     0x135b build/stm32h7xx_hal_rcc.o
 .debug_line    0x00002d78     0x1f9a build/stm32h7xx_hal_rcc_ex.o
 .debug_line    0x00004d12      0x6c1 build/stm32h7xx_hal_gpio.o
 .debug_line    0x000053d3      0xcaf build/stm32h7xx_hal_pwr_ex.o
 .debug_line    0x00006082      0xa28 build/stm32h7xx_hal.o
 .debug_line    0x00006aaa      0x9a5 build/stm32h7xx_hal_exti.o
 .debug_line    0x0000744f     0x26a4 build/stm32h7xx_hal_spi.o
 .debug_line    0x00009af3     0x506c build/stm32h7xx_hal_uart.o
 .debug_line    0x0000eb5f      0x440 build/system_stm32h7xx_dualcore_boot_cm4_cm7.o
 .debug_line    0x0000ef9f      0x220 build/ILI9341.o
 .debug_line    0x0000f1bf       0xc7 build/test_image.o
 .debug_line    0x0000f286       0x78 build/startup_stm32h755xx_CM7.o
 .debug_line    0x0000f2fe      0x123 /usr/lib/gcc/arm-none-eabi/14.2.0/../../../../arm-none-eabi/lib/thumb/v7e-m+dp/hard/libc_nano.a(libc_a-memset.o)
 .debug_line    0x0000f421      0x115 /usr/lib/gcc/arm-none-eabi/14.2.0/../../../../arm-none-eabi/lib/thumb/v7e-m+dp/hard/libc_nano.a(libc_a-init.o)
 .debug_line    0x0000f536       0x4e /usr/lib/gcc/arm-none-eabi/14.2.0/thumb/v7e-m+dp/hard/libgcc.a(_aeabi_uldivmod.o)
 .debug_line    0x0000f584      0x547 /usr/lib/gcc/arm-none-eabi/14.2.0/thumb/v7e-m+dp/hard/libgcc.a(_udivmoddi4.o)
 .debug_line    0x0000facb       0x4a /usr/lib/gcc/arm-none-eabi/14.2.0/thumb/v7e-m+dp/hard/libgcc.a(_dvmd_tls.o)

.debug_str      0x00000000     0x5840
 .debug_str     0x00000000     0x5840 build/main.o
                                0xff9 (size before relaxing)
 .debug_str     0x00005840      0x278 build/stm32h7xx_it.o
 .debug_str     0x00005840      0xe57 build/stm32h7xx_hal_msp.o
 .debug_str     0x00005840     0x1809 build/stm32h7xx_nucleo.o
 .debug_str     0x00005840     0x10bb build/stm32h7xx_hal_cortex.o
 .debug_str     0x00005840      0xa17 build/stm32h7xx_hal_rcc.o
 .debug_str     0x00005840      0xf76 build/stm32h7xx_hal_rcc_ex.o
 .debug_str     0x00005840      0x704 build/stm32h7xx_hal_gpio.o
 .debug_str     0x00005840      0xaf3 build/stm32h7xx_hal_pwr_ex.o
 .debug_str     0x00005840     0x16c9 build/stm32h7xx_hal.o
 .debug_str     0x00005840      0x568 build/stm32h7xx_hal_exti.o
 .debug_str     0x00005840      0xdbe build/stm32h7xx_hal_spi.o
 .debug_str     0x00005840     0x149d build/stm32h7xx_hal_uart.o
 .debug_str     0x00005840      0x7e7 build/system_stm32h7xx_dualcore_boot_cm4_cm7.o
 .debug_str     0x00005840      0x22b build/ILI9341.o
 .debug_str     0x00005840      0x1b0 build/test_image.o
 .debug_str     0x00005840       0x6f build/startup_stm32h755xx_CM7.o
 .debug_str     0x00005840      0x1c2 /usr/lib/gcc/arm-none-eabi/14.2.0/../../../../arm-none-eabi/lib/thumb/v7e-m+dp/hard/libc_nano.a(libc_a-memset.o)
 .debug_str     0x00005840      0x223 /usr/lib/gcc/arm-none-eabi/14.2.0/../../../../arm-none-eabi/lib/thumb/v7e-m+dp/hard/libc_nano.a(libc_a-init.o)
 .debug_str     0x00005840       0x9e /usr/lib/gcc/arm-none-eabi/14.2.0/thumb/v7e-m+dp/hard/libgcc.a(_aeabi_uldivmod.o)
 .debug_str     0x00005840      0x6b9 /usr/lib/gcc/arm-none-eabi/14.2.0/thumb/v7e-m+dp/hard/libgcc.a(_udivmoddi4.o)
 .debug_str     0x00005840       0xbe /usr/lib/gcc/arm-none-eabi/14.2.0/thumb/v7e-m+dp/hard/libgcc.a(_dvmd_tls.o)

.comment        0x00000000       0x1e
 .comment       0x00000000       0x1e build/main.o
                                 0x1f (size before relaxing)
 .comment       0x0000001e       0x1f build/stm32h7xx_it.o
 .comment       0x0000001e       0x1f build/stm32h7xx_hal_msp.o
 .comment       0x0000001e       0x1f build/stm32h7xx_nucleo.o
 .comment       0x0000001e       0x1f build/stm32h7xx_hal_cortex.o
 .comment       0x0000001e       0x1f build/stm32h7xx_hal_rcc.o
 .comment       0x0000001e       0x1f build/stm32h7xx_hal_rcc_ex.o
 .comment       0x0000001e       0x1f build/stm32h7xx_hal_gpio.o
 .comment       0x0000001e       0x1f build/stm32h7xx_hal_pwr_ex.o
 .comment       0x0000001e       0x1f build/stm32h7xx_hal.o
 .comment       0x0000001e       0x1f build/stm32h7xx_hal_exti.o
 .comment       0x0000001e       0x1f build/stm32h7xx_hal_spi.o
 .comment       0x0000001e       0x1f build/stm32h7xx_hal_uart.o
 .comment       0x0000001e       0x1f build/system_stm32h7xx_dualcore_boot_cm4_cm7.o
 .comment       0x0000001e       0x1f build/ILI9341.o
 .comment       0x0000001e       0x1f build/test_image.o
 .comment       0x0000001e       0x1f /usr/lib/gcc/arm-none-eabi/14.2.0/../../../../arm-none-eabi/lib/thumb/v7e-m+dp/hard/libc_nano.a(libc_a-memset.o)
 .comment       0x0000001e       0x1f /usr/lib/gcc/arm-none-eabi/14.2.0/../../../../arm-none-eabi/lib/thumb/v7e-m+dp/hard/libc_nano.a(libc_a-init.o)
 .comment       0x0000001e       0x1f /usr/lib/gcc/arm-none-eabi/14.2.0/thumb/v7e-m+dp/hard/libgcc.a(_udivmoddi4.o)

.debug_frame    0x00000000     0x1ff0
 .debug_frame   0x00000000       0xa0 build/main.o
 .debug_frame   0x000000a0       0xc0 build/stm32h7xx_it.o
 .debug_frame   0x00000160       0x68 build/stm32h7xx_hal_msp.o
 .debug_frame   0x000001c8      0x25c build/stm32h7xx_nucleo.o
 .debug_frame   0x00000424      0x214 build/stm32h7xx_hal_cortex.o
 .debug_frame   0x00000638      0x18c build/stm32h7xx_hal_rcc.o
 .debug_frame   0x000007c4      0x294 build/stm32h7xx_hal_rcc_ex.o
 .debug_frame   0x00000a58       0xd4 build/stm32h7xx_hal_gpio.o
 .debug_frame   0x00000b2c      0x324 build/stm32h7xx_hal_pwr_ex.o
 .debug_frame   0x00000e50      0x438 build/stm32h7xx_hal.o
 .debug_frame   0x00001288      0x114 build/stm32h7xx_hal_exti.o
 .debug_frame   0x0000139c      0x490 build/stm32h7xx_hal_spi.o
 .debug_frame   0x0000182c      0x680 build/stm32h7xx_hal_uart.o
 .debug_frame   0x00001eac       0x50 build/system_stm32h7xx_dualcore_boot_cm4_cm7.o
 .debug_frame   0x00001efc       0x48 build/ILI9341.o
 .debug_frame   0x00001f44       0x20 /usr/lib/gcc/arm-none-eabi/14.2.0/../../../../arm-none-eabi/lib/thumb/v7e-m+dp/hard/libc_nano.a(libc_a-memset.o)
 .debug_frame   0x00001f64       0x2c /usr/lib/gcc/arm-none-eabi/14.2.0/../../../../arm-none-eabi/lib/thumb/v7e-m+dp/hard/libc_nano.a(libc_a-init.o)
 .debug_frame   0x00001f90       0x2c /usr/lib/gcc/arm-none-eabi/14.2.0/thumb/v7e-m+dp/hard/libgcc.a(_aeabi_uldivmod.o)
 .debug_frame   0x00001fbc       0x34 /usr/lib/gcc/arm-none-eabi/14.2.0/thumb/v7e-m+dp/hard/libgcc.a(_udivmoddi4.o)

.debug_loclists
                0x00000000      0xa25
 .debug_loclists
                0x00000000       0x4d /usr/lib/gcc/arm-none-eabi/14.2.0/../../../../arm-none-eabi/lib/thumb/v7e-m+dp/hard/libc_nano.a(libc_a-memset.o)
 .debug_loclists
                0x0000004d       0x54 /usr/lib/gcc/arm-none-eabi/14.2.0/../../../../arm-none-eabi/lib/thumb/v7e-m+dp/hard/libc_nano.a(libc_a-init.o)
 .debug_loclists
                0x000000a1      0x984 /usr/lib/gcc/arm-none-eabi/14.2.0/thumb/v7e-m+dp/hard/libgcc.a(_udivmoddi4.o)

.debug_rnglists
                0x00000000       0x99
 .debug_rnglists
                0x00000000       0x13 /usr/lib/gcc/arm-none-eabi/14.2.0/../../../../arm-none-eabi/lib/thumb/v7e-m+dp/hard/libc_nano.a(libc_a-memset.o)
 .debug_rnglists
                0x00000013       0x13 /usr/lib/gcc/arm-none-eabi/14.2.0/../../../../arm-none-eabi/lib/thumb/v7e-m+dp/hard/libc_nano.a(libc_a-init.o)
 .debug_rnglists
                0x00000026       0x73 /usr/lib/gcc/arm-none-eabi/14.2.0/thumb/v7e-m+dp/hard/libgcc.a(_udivmoddi4.o)

.debug_line_str
                0x00000000       0x9e
 .debug_line_str
                0x00000000       0x9e /usr/lib/gcc/arm-none-eabi/14.2.0/thumb/v7e-m+dp/hard/libgcc.a(_aeabi_uldivmod.o)
                                 0x92 (size before relaxing)
 .debug_line_str
                0x0000009e       0x96 /usr/lib/gcc/arm-none-eabi/14.2.0/thumb/v7e-m+dp/hard/libgcc.a(_dvmd_tls.o)

Cross Reference Table

Symbol                                            File
ADC3_IRQHandler                                   build/startup_stm32h755xx_CM7.o
ADC_IRQHandler                                    build/startup_stm32h755xx_CM7.o
BDMA_Channel0_IRQHandler                          build/startup_stm32h755xx_CM7.o
BDMA_Channel1_IRQHandler                          build/startup_stm32h755xx_CM7.o
BDMA_Channel2_IRQHandler                          build/startup_stm32h755xx_CM7.o
BDMA_Channel3_IRQHandler                          build/startup_stm32h755xx_CM7.o
BDMA_Channel4_IRQHandler                          build/startup_stm32h755xx_CM7.o
BDMA_Channel5_IRQHandler                          build/startup_stm32h755xx_CM7.o
BDMA_Channel6_IRQHandler                          build/startup_stm32h755xx_CM7.o
BDMA_Channel7_IRQHandler                          build/startup_stm32h755xx_CM7.o
BSP_COM_DeInit                                    build/stm32h7xx_nucleo.o
BSP_COM_Init                                      build/stm32h7xx_nucleo.o
                                                  build/main.o
BSP_COM_SelectLogPort                             build/stm32h7xx_nucleo.o
BSP_GetVersion                                    build/stm32h7xx_nucleo.o
BSP_LED_DeInit                                    build/stm32h7xx_nucleo.o
BSP_LED_GetState                                  build/stm32h7xx_nucleo.o
BSP_LED_Init                                      build/stm32h7xx_nucleo.o
                                                  build/main.o
BSP_LED_Off                                       build/stm32h7xx_nucleo.o
BSP_LED_On                                        build/stm32h7xx_nucleo.o
BSP_LED_Toggle                                    build/stm32h7xx_nucleo.o
BSP_PB_Callback                                   build/stm32h7xx_nucleo.o
BSP_PB_DeInit                                     build/stm32h7xx_nucleo.o
BSP_PB_GetState                                   build/stm32h7xx_nucleo.o
BSP_PB_IRQHandler                                 build/stm32h7xx_nucleo.o
                                                  build/stm32h7xx_it.o
BSP_PB_Init                                       build/stm32h7xx_nucleo.o
                                                  build/main.o
BspCOMInit                                        build/main.o
BusFault_Handler                                  build/stm32h7xx_it.o
CEC_IRQHandler                                    build/startup_stm32h755xx_CM7.o
CM4_SEV_IRQHandler                                build/startup_stm32h755xx_CM7.o
CM7_SEV_IRQHandler                                build/startup_stm32h755xx_CM7.o
COMP1_IRQHandler                                  build/startup_stm32h755xx_CM7.o
COM_USART                                         build/stm32h7xx_nucleo.o
CRS_IRQHandler                                    build/startup_stm32h755xx_CM7.o
CRYP_IRQHandler                                   build/startup_stm32h755xx_CM7.o
D1CorePrescTable                                  build/system_stm32h7xx_dualcore_boot_cm4_cm7.o
                                                  build/stm32h7xx_hal.o
                                                  build/stm32h7xx_hal_rcc_ex.o
                                                  build/stm32h7xx_hal_rcc.o
DCMI_IRQHandler                                   build/startup_stm32h755xx_CM7.o
DFSDM1_FLT0_IRQHandler                            build/startup_stm32h755xx_CM7.o
DFSDM1_FLT1_IRQHandler                            build/startup_stm32h755xx_CM7.o
DFSDM1_FLT2_IRQHandler                            build/startup_stm32h755xx_CM7.o
DFSDM1_FLT3_IRQHandler                            build/startup_stm32h755xx_CM7.o
DMA1_Stream0_IRQHandler                           build/startup_stm32h755xx_CM7.o
DMA1_Stream1_IRQHandler                           build/startup_stm32h755xx_CM7.o
DMA1_Stream2_IRQHandler                           build/startup_stm32h755xx_CM7.o
DMA1_Stream3_IRQHandler                           build/startup_stm32h755xx_CM7.o
DMA1_Stream4_IRQHandler                           build/startup_stm32h755xx_CM7.o
DMA1_Stream5_IRQHandler                           build/startup_stm32h755xx_CM7.o
DMA1_Stream6_IRQHandler                           build/startup_stm32h755xx_CM7.o
DMA1_Stream7_IRQHandler                           build/startup_stm32h755xx_CM7.o
DMA2D_IRQHandler                                  build/startup_stm32h755xx_CM7.o
DMA2_Stream0_IRQHandler                           build/startup_stm32h755xx_CM7.o
DMA2_Stream1_IRQHandler                           build/startup_stm32h755xx_CM7.o
DMA2_Stream2_IRQHandler                           build/startup_stm32h755xx_CM7.o
DMA2_Stream3_IRQHandler                           build/startup_stm32h755xx_CM7.o
DMA2_Stream4_IRQHandler                           build/startup_stm32h755xx_CM7.o
DMA2_Stream5_IRQHandler                           build/startup_stm32h755xx_CM7.o
DMA2_Stream6_IRQHandler                           build/startup_stm32h755xx_CM7.o
DMA2_Stream7_IRQHandler                           build/startup_stm32h755xx_CM7.o
DMAMUX1_OVR_IRQHandler                            build/startup_stm32h755xx_CM7.o
DMAMUX2_OVR_IRQHandler                            build/startup_stm32h755xx_CM7.o
DebugMon_Handler                                  build/stm32h7xx_it.o
Default_Handler                                   build/startup_stm32h755xx_CM7.o
ECC_IRQHandler                                    build/startup_stm32h755xx_CM7.o
ETH_IRQHandler                                    build/startup_stm32h755xx_CM7.o
ETH_WKUP_IRQHandler                               build/startup_stm32h755xx_CM7.o
EXTI0_IRQHandler                                  build/startup_stm32h755xx_CM7.o
EXTI15_10_IRQHandler                              build/stm32h7xx_it.o
EXTI1_IRQHandler                                  build/startup_stm32h755xx_CM7.o
EXTI2_IRQHandler                                  build/startup_stm32h755xx_CM7.o
EXTI3_IRQHandler                                  build/startup_stm32h755xx_CM7.o
EXTI4_IRQHandler                                  build/startup_stm32h755xx_CM7.o
EXTI9_5_IRQHandler                                build/startup_stm32h755xx_CM7.o
Error_Handler                                     build/main.o
                                                  build/stm32h7xx_hal_msp.o
ExitRun0Mode                                      build/system_stm32h7xx_dualcore_boot_cm4_cm7.o
                                                  build/startup_stm32h755xx_CM7.o
FDCAN1_IT0_IRQHandler                             build/startup_stm32h755xx_CM7.o
FDCAN1_IT1_IRQHandler                             build/startup_stm32h755xx_CM7.o
FDCAN2_IT0_IRQHandler                             build/startup_stm32h755xx_CM7.o
FDCAN2_IT1_IRQHandler                             build/startup_stm32h755xx_CM7.o
FDCAN_CAL_IRQHandler                              build/startup_stm32h755xx_CM7.o
FLASH_CRC_WaitForLastOperation                    build/stm32h7xx_hal_flash.o
                                                  build/stm32h7xx_hal_flash_ex.o
FLASH_Erase_Sector                                build/stm32h7xx_hal_flash_ex.o
                                                  build/stm32h7xx_hal_flash.o
FLASH_IRQHandler                                  build/startup_stm32h755xx_CM7.o
FLASH_OB_WaitForLastOperation                     build/stm32h7xx_hal_flash.o
                                                  build/stm32h7xx_hal_flash_ex.o
FLASH_WaitForLastOperation                        build/stm32h7xx_hal_flash.o
                                                  build/stm32h7xx_hal_flash_ex.o
FMC_IRQHandler                                    build/startup_stm32h755xx_CM7.o
FPU_IRQHandler                                    build/startup_stm32h755xx_CM7.o
HAL_DBGMCU_DisableDBGSleepMode                    build/stm32h7xx_hal.o
HAL_DBGMCU_DisableDBGStandbyMode                  build/stm32h7xx_hal.o
HAL_DBGMCU_DisableDBGStopMode                     build/stm32h7xx_hal.o
HAL_DBGMCU_EnableDBGSleepMode                     build/stm32h7xx_hal.o
HAL_DBGMCU_EnableDBGStandbyMode                   build/stm32h7xx_hal.o
HAL_DBGMCU_EnableDBGStopMode                      build/stm32h7xx_hal.o
HAL_DMAEx_ChangeMemory                            build/stm32h7xx_hal_dma_ex.o
HAL_DMAEx_ConfigMuxRequestGenerator               build/stm32h7xx_hal_dma_ex.o
HAL_DMAEx_ConfigMuxSync                           build/stm32h7xx_hal_dma_ex.o
HAL_DMAEx_DisableMuxRequestGenerator              build/stm32h7xx_hal_dma_ex.o
HAL_DMAEx_EnableMuxRequestGenerator               build/stm32h7xx_hal_dma_ex.o
HAL_DMAEx_MUX_IRQHandler                          build/stm32h7xx_hal_dma_ex.o
HAL_DMAEx_MultiBufferStart                        build/stm32h7xx_hal_dma_ex.o
HAL_DMAEx_MultiBufferStart_IT                     build/stm32h7xx_hal_dma_ex.o
HAL_DMA_Abort                                     build/stm32h7xx_hal_dma.o
                                                  build/stm32h7xx_hal_uart.o
                                                  build/stm32h7xx_hal_spi.o
HAL_DMA_Abort_IT                                  build/stm32h7xx_hal_dma.o
                                                  build/stm32h7xx_hal_uart.o
                                                  build/stm32h7xx_hal_spi.o
                                                  build/stm32h7xx_hal_i2c.o
HAL_DMA_DeInit                                    build/stm32h7xx_hal_dma.o
HAL_DMA_GetError                                  build/stm32h7xx_hal_dma.o
                                                  build/stm32h7xx_hal_uart.o
                                                  build/stm32h7xx_hal_spi.o
                                                  build/stm32h7xx_hal_i2c.o
HAL_DMA_GetState                                  build/stm32h7xx_hal_dma.o
                                                  build/stm32h7xx_hal_i2c.o
HAL_DMA_IRQHandler                                build/stm32h7xx_hal_dma.o
HAL_DMA_Init                                      build/stm32h7xx_hal_dma.o
HAL_DMA_PollForTransfer                           build/stm32h7xx_hal_dma.o
HAL_DMA_RegisterCallback                          build/stm32h7xx_hal_dma.o
HAL_DMA_Start                                     build/stm32h7xx_hal_dma.o
HAL_DMA_Start_IT                                  build/stm32h7xx_hal_dma.o
                                                  build/stm32h7xx_hal_uart.o
                                                  build/stm32h7xx_hal_spi.o
                                                  build/stm32h7xx_hal_i2c.o
HAL_DMA_UnRegisterCallback                        build/stm32h7xx_hal_dma.o
HAL_DeInit                                        build/stm32h7xx_hal.o
HAL_Delay                                         build/stm32h7xx_hal.o
                                                  build/ILI9341.o
                                                  build/main.o
HAL_DisableCompensationCell                       build/stm32h7xx_hal.o
HAL_DisableDomain2DBGSleepMode                    build/stm32h7xx_hal.o
HAL_DisableDomain2DBGStandbyMode                  build/stm32h7xx_hal.o
HAL_DisableDomain2DBGStopMode                     build/stm32h7xx_hal.o
HAL_EXTI_ClearConfigLine                          build/stm32h7xx_hal_exti.o
HAL_EXTI_ClearPending                             build/stm32h7xx_hal_exti.o
HAL_EXTI_D1_ClearFlag                             build/stm32h7xx_hal.o
HAL_EXTI_D1_EventInputConfig                      build/stm32h7xx_hal.o
HAL_EXTI_D2_ClearFlag                             build/stm32h7xx_hal.o
HAL_EXTI_D2_EventInputConfig                      build/stm32h7xx_hal.o
HAL_EXTI_D3_EventInputConfig                      build/stm32h7xx_hal.o
HAL_EXTI_EdgeConfig                               build/stm32h7xx_hal.o
HAL_EXTI_GenerateSWI                              build/stm32h7xx_hal_exti.o
HAL_EXTI_GenerateSWInterrupt                      build/stm32h7xx_hal.o
HAL_EXTI_GetConfigLine                            build/stm32h7xx_hal_exti.o
HAL_EXTI_GetHandle                                build/stm32h7xx_hal_exti.o
                                                  build/stm32h7xx_nucleo.o
HAL_EXTI_GetPending                               build/stm32h7xx_hal_exti.o
HAL_EXTI_IRQHandler                               build/stm32h7xx_hal_exti.o
                                                  build/stm32h7xx_nucleo.o
HAL_EXTI_RegisterCallback                         build/stm32h7xx_hal_exti.o
                                                  build/stm32h7xx_nucleo.o
HAL_EXTI_SetConfigLine                            build/stm32h7xx_hal_exti.o
HAL_EnableCompensationCell                        build/stm32h7xx_hal.o
HAL_EnableDomain2DBGSleepMode                     build/stm32h7xx_hal.o
HAL_EnableDomain2DBGStandbyMode                   build/stm32h7xx_hal.o
HAL_EnableDomain2DBGStopMode                      build/stm32h7xx_hal.o
HAL_FLASHEx_ComputeCRC                            build/stm32h7xx_hal_flash_ex.o
HAL_FLASHEx_Erase                                 build/stm32h7xx_hal_flash_ex.o
HAL_FLASHEx_Erase_IT                              build/stm32h7xx_hal_flash_ex.o
HAL_FLASHEx_Lock_Bank1                            build/stm32h7xx_hal_flash_ex.o
HAL_FLASHEx_Lock_Bank2                            build/stm32h7xx_hal_flash_ex.o
HAL_FLASHEx_OBGetConfig                           build/stm32h7xx_hal_flash_ex.o
HAL_FLASHEx_OBProgram                             build/stm32h7xx_hal_flash_ex.o
HAL_FLASHEx_Unlock_Bank1                          build/stm32h7xx_hal_flash_ex.o
HAL_FLASHEx_Unlock_Bank2                          build/stm32h7xx_hal_flash_ex.o
HAL_FLASH_EndOfOperationCallback                  build/stm32h7xx_hal_flash.o
HAL_FLASH_GetError                                build/stm32h7xx_hal_flash.o
HAL_FLASH_IRQHandler                              build/stm32h7xx_hal_flash.o
HAL_FLASH_Lock                                    build/stm32h7xx_hal_flash.o
HAL_FLASH_OB_Launch                               build/stm32h7xx_hal_flash.o
HAL_FLASH_OB_Lock                                 build/stm32h7xx_hal_flash.o
HAL_FLASH_OB_Unlock                               build/stm32h7xx_hal_flash.o
HAL_FLASH_OperationErrorCallback                  build/stm32h7xx_hal_flash.o
HAL_FLASH_Program                                 build/stm32h7xx_hal_flash.o
HAL_FLASH_Program_IT                              build/stm32h7xx_hal_flash.o
HAL_FLASH_Unlock                                  build/stm32h7xx_hal_flash.o
HAL_GPIO_DeInit                                   build/stm32h7xx_hal_gpio.o
                                                  build/stm32h7xx_nucleo.o
                                                  build/stm32h7xx_hal_msp.o
HAL_GPIO_EXTI_Callback                            build/stm32h7xx_hal_gpio.o
HAL_GPIO_EXTI_IRQHandler                          build/stm32h7xx_hal_gpio.o
HAL_GPIO_Init                                     build/stm32h7xx_hal_gpio.o
                                                  build/stm32h7xx_hal_rcc.o
                                                  build/stm32h7xx_nucleo.o
                                                  build/stm32h7xx_hal_msp.o
                                                  build/main.o
HAL_GPIO_LockPin                                  build/stm32h7xx_hal_gpio.o
HAL_GPIO_ReadPin                                  build/stm32h7xx_hal_gpio.o
                                                  build/stm32h7xx_nucleo.o
HAL_GPIO_TogglePin                                build/stm32h7xx_hal_gpio.o
                                                  build/stm32h7xx_nucleo.o
HAL_GPIO_WritePin                                 build/stm32h7xx_hal_gpio.o
                                                  build/stm32h7xx_nucleo.o
                                                  build/main.o
HAL_GetCurrentCPUID                               build/stm32h7xx_hal_cortex.o
                                                  build/stm32h7xx_hal_exti.o
                                                  build/stm32h7xx_hal_pwr_ex.o
                                                  build/stm32h7xx_hal_pwr.o
HAL_GetDEVID                                      build/stm32h7xx_hal.o
HAL_GetFMCMemorySwappingConfig                    build/stm32h7xx_hal.o
HAL_GetHalVersion                                 build/stm32h7xx_hal.o
HAL_GetREVID                                      build/stm32h7xx_hal.o
                                                  build/stm32h7xx_hal_rcc_ex.o
                                                  build/stm32h7xx_hal_rcc.o
HAL_GetTick                                       build/stm32h7xx_hal.o
                                                  build/stm32h7xx_hal_uart.o
                                                  build/stm32h7xx_hal_uart_ex.o
                                                  build/stm32h7xx_hal_spi.o
                                                  build/stm32h7xx_hal_i2c.o
                                                  build/stm32h7xx_hal_pwr_ex.o
                                                  build/stm32h7xx_hal_mdma.o
                                                  build/stm32h7xx_hal_dma.o
                                                  build/stm32h7xx_hal_flash.o
                                                  build/stm32h7xx_hal_rcc_ex.o
                                                  build/stm32h7xx_hal_rcc.o
HAL_GetTickFreq                                   build/stm32h7xx_hal.o
HAL_GetTickPrio                                   build/stm32h7xx_hal.o
HAL_GetUIDw0                                      build/stm32h7xx_hal.o
HAL_GetUIDw1                                      build/stm32h7xx_hal.o
HAL_GetUIDw2                                      build/stm32h7xx_hal.o
HAL_HSEM_ActivateNotification                     build/stm32h7xx_hal_hsem.o
HAL_HSEM_DeactivateNotification                   build/stm32h7xx_hal_hsem.o
HAL_HSEM_FastTake                                 build/stm32h7xx_hal_hsem.o
HAL_HSEM_FreeCallback                             build/stm32h7xx_hal_hsem.o
HAL_HSEM_GetClearKey                              build/stm32h7xx_hal_hsem.o
HAL_HSEM_IRQHandler                               build/stm32h7xx_hal_hsem.o
HAL_HSEM_IsSemTaken                               build/stm32h7xx_hal_hsem.o
HAL_HSEM_Release                                  build/stm32h7xx_hal_hsem.o
HAL_HSEM_ReleaseAll                               build/stm32h7xx_hal_hsem.o
HAL_HSEM_SetClearKey                              build/stm32h7xx_hal_hsem.o
HAL_HSEM_Take                                     build/stm32h7xx_hal_hsem.o
HAL_HalfDuplex_EnableReceiver                     build/stm32h7xx_hal_uart.o
HAL_HalfDuplex_EnableTransmitter                  build/stm32h7xx_hal_uart.o
HAL_HalfDuplex_Init                               build/stm32h7xx_hal_uart.o
HAL_I2CEx_ConfigAnalogFilter                      build/stm32h7xx_hal_i2c_ex.o
HAL_I2CEx_ConfigDigitalFilter                     build/stm32h7xx_hal_i2c_ex.o
HAL_I2CEx_DisableFastModePlus                     build/stm32h7xx_hal_i2c_ex.o
HAL_I2CEx_DisableWakeUp                           build/stm32h7xx_hal_i2c_ex.o
HAL_I2CEx_EnableFastModePlus                      build/stm32h7xx_hal_i2c_ex.o
HAL_I2CEx_EnableWakeUp                            build/stm32h7xx_hal_i2c_ex.o
HAL_I2C_AbortCpltCallback                         build/stm32h7xx_hal_i2c.o
HAL_I2C_AddrCallback                              build/stm32h7xx_hal_i2c.o
HAL_I2C_DeInit                                    build/stm32h7xx_hal_i2c.o
HAL_I2C_DisableListen_IT                          build/stm32h7xx_hal_i2c.o
HAL_I2C_ER_IRQHandler                             build/stm32h7xx_hal_i2c.o
HAL_I2C_EV_IRQHandler                             build/stm32h7xx_hal_i2c.o
HAL_I2C_EnableListen_IT                           build/stm32h7xx_hal_i2c.o
HAL_I2C_ErrorCallback                             build/stm32h7xx_hal_i2c.o
HAL_I2C_GetError                                  build/stm32h7xx_hal_i2c.o
HAL_I2C_GetMode                                   build/stm32h7xx_hal_i2c.o
HAL_I2C_GetState                                  build/stm32h7xx_hal_i2c.o
HAL_I2C_Init                                      build/stm32h7xx_hal_i2c.o
HAL_I2C_IsDeviceReady                             build/stm32h7xx_hal_i2c.o
HAL_I2C_ListenCpltCallback                        build/stm32h7xx_hal_i2c.o
HAL_I2C_MasterRxCpltCallback                      build/stm32h7xx_hal_i2c.o
HAL_I2C_MasterTxCpltCallback                      build/stm32h7xx_hal_i2c.o
HAL_I2C_Master_Abort_IT                           build/stm32h7xx_hal_i2c.o
HAL_I2C_Master_Receive                            build/stm32h7xx_hal_i2c.o
HAL_I2C_Master_Receive_DMA                        build/stm32h7xx_hal_i2c.o
HAL_I2C_Master_Receive_IT                         build/stm32h7xx_hal_i2c.o
HAL_I2C_Master_Seq_Receive_DMA                    build/stm32h7xx_hal_i2c.o
HAL_I2C_Master_Seq_Receive_IT                     build/stm32h7xx_hal_i2c.o
HAL_I2C_Master_Seq_Transmit_DMA                   build/stm32h7xx_hal_i2c.o
HAL_I2C_Master_Seq_Transmit_IT                    build/stm32h7xx_hal_i2c.o
HAL_I2C_Master_Transmit                           build/stm32h7xx_hal_i2c.o
HAL_I2C_Master_Transmit_DMA                       build/stm32h7xx_hal_i2c.o
HAL_I2C_Master_Transmit_IT                        build/stm32h7xx_hal_i2c.o
HAL_I2C_MemRxCpltCallback                         build/stm32h7xx_hal_i2c.o
HAL_I2C_MemTxCpltCallback                         build/stm32h7xx_hal_i2c.o
HAL_I2C_Mem_Read                                  build/stm32h7xx_hal_i2c.o
HAL_I2C_Mem_Read_DMA                              build/stm32h7xx_hal_i2c.o
HAL_I2C_Mem_Read_IT                               build/stm32h7xx_hal_i2c.o
HAL_I2C_Mem_Write                                 build/stm32h7xx_hal_i2c.o
HAL_I2C_Mem_Write_DMA                             build/stm32h7xx_hal_i2c.o
HAL_I2C_Mem_Write_IT                              build/stm32h7xx_hal_i2c.o
HAL_I2C_MspDeInit                                 build/stm32h7xx_hal_i2c.o
HAL_I2C_MspInit                                   build/stm32h7xx_hal_i2c.o
HAL_I2C_SlaveRxCpltCallback                       build/stm32h7xx_hal_i2c.o
HAL_I2C_SlaveTxCpltCallback                       build/stm32h7xx_hal_i2c.o
HAL_I2C_Slave_Receive                             build/stm32h7xx_hal_i2c.o
HAL_I2C_Slave_Receive_DMA                         build/stm32h7xx_hal_i2c.o
HAL_I2C_Slave_Receive_IT                          build/stm32h7xx_hal_i2c.o
HAL_I2C_Slave_Seq_Receive_DMA                     build/stm32h7xx_hal_i2c.o
HAL_I2C_Slave_Seq_Receive_IT                      build/stm32h7xx_hal_i2c.o
HAL_I2C_Slave_Seq_Transmit_DMA                    build/stm32h7xx_hal_i2c.o
HAL_I2C_Slave_Seq_Transmit_IT                     build/stm32h7xx_hal_i2c.o
HAL_I2C_Slave_Transmit                            build/stm32h7xx_hal_i2c.o
HAL_I2C_Slave_Transmit_DMA                        build/stm32h7xx_hal_i2c.o
HAL_I2C_Slave_Transmit_IT                         build/stm32h7xx_hal_i2c.o
HAL_IncTick                                       build/stm32h7xx_hal.o
                                                  build/stm32h7xx_it.o
HAL_Init                                          build/stm32h7xx_hal.o
                                                  build/main.o
HAL_InitTick                                      build/stm32h7xx_hal.o
                                                  build/stm32h7xx_hal_rcc.o
HAL_LIN_Init                                      build/stm32h7xx_hal_uart.o
HAL_LIN_SendBreak                                 build/stm32h7xx_hal_uart.o
HAL_MDMA_Abort                                    build/stm32h7xx_hal_mdma.o
HAL_MDMA_Abort_IT                                 build/stm32h7xx_hal_mdma.o
HAL_MDMA_ConfigPostRequestMask                    build/stm32h7xx_hal_mdma.o
HAL_MDMA_DeInit                                   build/stm32h7xx_hal_mdma.o
HAL_MDMA_GenerateSWRequest                        build/stm32h7xx_hal_mdma.o
HAL_MDMA_GetError                                 build/stm32h7xx_hal_mdma.o
HAL_MDMA_GetState                                 build/stm32h7xx_hal_mdma.o
HAL_MDMA_IRQHandler                               build/stm32h7xx_hal_mdma.o
HAL_MDMA_Init                                     build/stm32h7xx_hal_mdma.o
HAL_MDMA_LinkedList_AddNode                       build/stm32h7xx_hal_mdma.o
HAL_MDMA_LinkedList_CreateNode                    build/stm32h7xx_hal_mdma.o
HAL_MDMA_LinkedList_DisableCircularMode           build/stm32h7xx_hal_mdma.o
HAL_MDMA_LinkedList_EnableCircularMode            build/stm32h7xx_hal_mdma.o
HAL_MDMA_LinkedList_RemoveNode                    build/stm32h7xx_hal_mdma.o
HAL_MDMA_PollForTransfer                          build/stm32h7xx_hal_mdma.o
HAL_MDMA_RegisterCallback                         build/stm32h7xx_hal_mdma.o
HAL_MDMA_Start                                    build/stm32h7xx_hal_mdma.o
HAL_MDMA_Start_IT                                 build/stm32h7xx_hal_mdma.o
HAL_MDMA_UnRegisterCallback                       build/stm32h7xx_hal_mdma.o
HAL_MPU_ConfigRegion                              build/stm32h7xx_hal_cortex.o
HAL_MPU_Disable                                   build/stm32h7xx_hal_cortex.o
HAL_MPU_DisableRegion                             build/stm32h7xx_hal_cortex.o
HAL_MPU_Enable                                    build/stm32h7xx_hal_cortex.o
HAL_MPU_EnableRegion                              build/stm32h7xx_hal_cortex.o
HAL_MspDeInit                                     build/stm32h7xx_hal.o
HAL_MspInit                                       build/stm32h7xx_hal_msp.o
HAL_MultiProcessorEx_AddressLength_Set            build/stm32h7xx_hal_uart_ex.o
HAL_MultiProcessor_DisableMuteMode                build/stm32h7xx_hal_uart.o
HAL_MultiProcessor_EnableMuteMode                 build/stm32h7xx_hal_uart.o
HAL_MultiProcessor_EnterMuteMode                  build/stm32h7xx_hal_uart.o
HAL_MultiProcessor_Init                           build/stm32h7xx_hal_uart.o
HAL_NVIC_ClearPendingIRQ                          build/stm32h7xx_hal_cortex.o
HAL_NVIC_DisableIRQ                               build/stm32h7xx_hal_cortex.o
                                                  build/stm32h7xx_nucleo.o
HAL_NVIC_EnableIRQ                                build/stm32h7xx_hal_cortex.o
                                                  build/stm32h7xx_nucleo.o
HAL_NVIC_GetActive                                build/stm32h7xx_hal_cortex.o
HAL_NVIC_GetPendingIRQ                            build/stm32h7xx_hal_cortex.o
HAL_NVIC_GetPriority                              build/stm32h7xx_hal_cortex.o
HAL_NVIC_GetPriorityGrouping                      build/stm32h7xx_hal_cortex.o
HAL_NVIC_SetPendingIRQ                            build/stm32h7xx_hal_cortex.o
HAL_NVIC_SetPriority                              build/stm32h7xx_hal_cortex.o
                                                  build/stm32h7xx_hal.o
                                                  build/stm32h7xx_nucleo.o
HAL_NVIC_SetPriorityGrouping                      build/stm32h7xx_hal_cortex.o
                                                  build/stm32h7xx_hal.o
HAL_NVIC_SystemReset                              build/stm32h7xx_hal_cortex.o
HAL_PWREx_AVDCallback                             build/stm32h7xx_hal_pwr_ex.o
HAL_PWREx_ClearDomainFlags                        build/stm32h7xx_hal_pwr_ex.o
HAL_PWREx_ClearPendingEvent                       build/stm32h7xx_hal_pwr_ex.o
HAL_PWREx_ClearWakeupFlag                         build/stm32h7xx_hal_pwr_ex.o
HAL_PWREx_ConfigAVD                               build/stm32h7xx_hal_pwr_ex.o
HAL_PWREx_ConfigD3Domain                          build/stm32h7xx_hal_pwr_ex.o
HAL_PWREx_ConfigSupply                            build/stm32h7xx_hal_pwr_ex.o
                                                  build/main.o
HAL_PWREx_ControlStopModeVoltageScaling           build/stm32h7xx_hal_pwr_ex.o
HAL_PWREx_ControlVoltageScaling                   build/stm32h7xx_hal_pwr_ex.o
HAL_PWREx_DisableAVD                              build/stm32h7xx_hal_pwr_ex.o
HAL_PWREx_DisableBatteryCharging                  build/stm32h7xx_hal_pwr_ex.o
HAL_PWREx_DisableBkUpReg                          build/stm32h7xx_hal_pwr_ex.o
HAL_PWREx_DisableFlashPowerDown                   build/stm32h7xx_hal_pwr_ex.o
HAL_PWREx_DisableMonitoring                       build/stm32h7xx_hal_pwr_ex.o
HAL_PWREx_DisableUSBReg                           build/stm32h7xx_hal_pwr_ex.o
HAL_PWREx_DisableUSBVoltageDetector               build/stm32h7xx_hal_pwr_ex.o
HAL_PWREx_DisableWakeUpPin                        build/stm32h7xx_hal_pwr_ex.o
HAL_PWREx_EnableAVD                               build/stm32h7xx_hal_pwr_ex.o
HAL_PWREx_EnableBatteryCharging                   build/stm32h7xx_hal_pwr_ex.o
HAL_PWREx_EnableBkUpReg                           build/stm32h7xx_hal_pwr_ex.o
HAL_PWREx_EnableFlashPowerDown                    build/stm32h7xx_hal_pwr_ex.o
HAL_PWREx_EnableMonitoring                        build/stm32h7xx_hal_pwr_ex.o
HAL_PWREx_EnableUSBReg                            build/stm32h7xx_hal_pwr_ex.o
HAL_PWREx_EnableUSBVoltageDetector                build/stm32h7xx_hal_pwr_ex.o
HAL_PWREx_EnableWakeUpPin                         build/stm32h7xx_hal_pwr_ex.o
HAL_PWREx_EnterSTANDBYMode                        build/stm32h7xx_hal_pwr_ex.o
HAL_PWREx_EnterSTOPMode                           build/stm32h7xx_hal_pwr_ex.o
HAL_PWREx_GetStopModeVoltageRange                 build/stm32h7xx_hal_pwr_ex.o
HAL_PWREx_GetSupplyConfig                         build/stm32h7xx_hal_pwr_ex.o
HAL_PWREx_GetTemperatureLevel                     build/stm32h7xx_hal_pwr_ex.o
HAL_PWREx_GetVBATLevel                            build/stm32h7xx_hal_pwr_ex.o
HAL_PWREx_GetVoltageRange                         build/stm32h7xx_hal_pwr_ex.o
HAL_PWREx_GetWakeupFlag                           build/stm32h7xx_hal_pwr_ex.o
HAL_PWREx_HoldCore                                build/stm32h7xx_hal_pwr_ex.o
HAL_PWREx_PVD_AVD_IRQHandler                      build/stm32h7xx_hal_pwr_ex.o
HAL_PWREx_ReleaseCore                             build/stm32h7xx_hal_pwr_ex.o
HAL_PWREx_WAKEUP_PIN_IRQHandler                   build/stm32h7xx_hal_pwr_ex.o
HAL_PWREx_WKUP1_Callback                          build/stm32h7xx_hal_pwr_ex.o
HAL_PWREx_WKUP2_Callback                          build/stm32h7xx_hal_pwr_ex.o
HAL_PWREx_WKUP3_Callback                          build/stm32h7xx_hal_pwr_ex.o
HAL_PWREx_WKUP4_Callback                          build/stm32h7xx_hal_pwr_ex.o
HAL_PWREx_WKUP5_Callback                          build/stm32h7xx_hal_pwr_ex.o
HAL_PWREx_WKUP6_Callback                          build/stm32h7xx_hal_pwr_ex.o
HAL_PWR_ConfigPVD                                 build/stm32h7xx_hal_pwr.o
HAL_PWR_DeInit                                    build/stm32h7xx_hal_pwr.o
HAL_PWR_DisableBkUpAccess                         build/stm32h7xx_hal_pwr.o
HAL_PWR_DisablePVD                                build/stm32h7xx_hal_pwr.o
HAL_PWR_DisableSEVOnPend                          build/stm32h7xx_hal_pwr.o
HAL_PWR_DisableSleepOnExit                        build/stm32h7xx_hal_pwr.o
HAL_PWR_DisableWakeUpPin                          build/stm32h7xx_hal_pwr.o
HAL_PWR_EnableBkUpAccess                          build/stm32h7xx_hal_pwr.o
HAL_PWR_EnablePVD                                 build/stm32h7xx_hal_pwr.o
HAL_PWR_EnableSEVOnPend                           build/stm32h7xx_hal_pwr.o
HAL_PWR_EnableSleepOnExit                         build/stm32h7xx_hal_pwr.o
HAL_PWR_EnableWakeUpPin                           build/stm32h7xx_hal_pwr.o
HAL_PWR_EnterSLEEPMode                            build/stm32h7xx_hal_pwr.o
HAL_PWR_EnterSTANDBYMode                          build/stm32h7xx_hal_pwr.o
HAL_PWR_EnterSTOPMode                             build/stm32h7xx_hal_pwr.o
HAL_PWR_PVDCallback                               build/stm32h7xx_hal_pwr.o
                                                  build/stm32h7xx_hal_pwr_ex.o
HAL_PWR_PVD_IRQHandler                            build/stm32h7xx_hal_pwr.o
HAL_RCCEx_CRSConfig                               build/stm32h7xx_hal_rcc_ex.o
HAL_RCCEx_CRSGetSynchronizationInfo               build/stm32h7xx_hal_rcc_ex.o
HAL_RCCEx_CRSSoftwareSynchronizationGenerate      build/stm32h7xx_hal_rcc_ex.o
HAL_RCCEx_CRSWaitSynchronization                  build/stm32h7xx_hal_rcc_ex.o
HAL_RCCEx_CRS_ErrorCallback                       build/stm32h7xx_hal_rcc_ex.o
HAL_RCCEx_CRS_ExpectedSyncCallback                build/stm32h7xx_hal_rcc_ex.o
HAL_RCCEx_CRS_IRQHandler                          build/stm32h7xx_hal_rcc_ex.o
HAL_RCCEx_CRS_SyncOkCallback                      build/stm32h7xx_hal_rcc_ex.o
HAL_RCCEx_CRS_SyncWarnCallback                    build/stm32h7xx_hal_rcc_ex.o
HAL_RCCEx_DisableLSECSS                           build/stm32h7xx_hal_rcc_ex.o
HAL_RCCEx_EnableBootCore                          build/stm32h7xx_hal_rcc_ex.o
HAL_RCCEx_EnableLSECSS                            build/stm32h7xx_hal_rcc_ex.o
HAL_RCCEx_EnableLSECSS_IT                         build/stm32h7xx_hal_rcc_ex.o
HAL_RCCEx_GetD1PCLK1Freq                          build/stm32h7xx_hal_rcc_ex.o
HAL_RCCEx_GetD1SysClockFreq                       build/stm32h7xx_hal_rcc_ex.o
HAL_RCCEx_GetD3PCLK1Freq                          build/stm32h7xx_hal_rcc_ex.o
                                                  build/stm32h7xx_hal_uart.o
HAL_RCCEx_GetPLL1ClockFreq                        build/stm32h7xx_hal_rcc_ex.o
HAL_RCCEx_GetPLL2ClockFreq                        build/stm32h7xx_hal_rcc_ex.o
                                                  build/stm32h7xx_hal_uart.o
HAL_RCCEx_GetPLL3ClockFreq                        build/stm32h7xx_hal_rcc_ex.o
                                                  build/stm32h7xx_hal_uart.o
HAL_RCCEx_GetPeriphCLKConfig                      build/stm32h7xx_hal_rcc_ex.o
HAL_RCCEx_GetPeriphCLKFreq                        build/stm32h7xx_hal_rcc_ex.o
HAL_RCCEx_KerWakeUpStopCLKConfig                  build/stm32h7xx_hal_rcc_ex.o
HAL_RCCEx_LSECSS_Callback                         build/stm32h7xx_hal_rcc_ex.o
HAL_RCCEx_LSECSS_IRQHandler                       build/stm32h7xx_hal_rcc_ex.o
HAL_RCCEx_PeriphCLKConfig                         build/stm32h7xx_hal_rcc_ex.o
                                                  build/stm32h7xx_hal_msp.o
HAL_RCCEx_WWDGxSysResetConfig                     build/stm32h7xx_hal_rcc_ex.o
HAL_RCCEx_WakeUpStopCLKConfig                     build/stm32h7xx_hal_rcc_ex.o
HAL_RCC_CSSCallback                               build/stm32h7xx_hal_rcc.o
HAL_RCC_ClockConfig                               build/stm32h7xx_hal_rcc.o
                                                  build/main.o
HAL_RCC_DeInit                                    build/stm32h7xx_hal_rcc.o
HAL_RCC_DisableCSS                                build/stm32h7xx_hal_rcc.o
HAL_RCC_EnableCSS                                 build/stm32h7xx_hal_rcc.o
HAL_RCC_GetClockConfig                            build/stm32h7xx_hal_rcc.o
HAL_RCC_GetHCLKFreq                               build/stm32h7xx_hal_rcc.o
                                                  build/stm32h7xx_hal_rcc_ex.o
HAL_RCC_GetOscConfig                              build/stm32h7xx_hal_rcc.o
HAL_RCC_GetPCLK1Freq                              build/stm32h7xx_hal_rcc.o
                                                  build/stm32h7xx_hal_uart.o
                                                  build/stm32h7xx_hal_rcc_ex.o
HAL_RCC_GetPCLK2Freq                              build/stm32h7xx_hal_rcc.o
                                                  build/stm32h7xx_hal_uart.o
HAL_RCC_GetSysClockFreq                           build/stm32h7xx_hal_rcc.o
                                                  build/stm32h7xx_hal.o
                                                  build/stm32h7xx_hal_rcc_ex.o
HAL_RCC_MCOConfig                                 build/stm32h7xx_hal_rcc.o
HAL_RCC_NMI_IRQHandler                            build/stm32h7xx_hal_rcc.o
HAL_RCC_OscConfig                                 build/stm32h7xx_hal_rcc.o
                                                  build/main.o
HAL_RS485Ex_Init                                  build/stm32h7xx_hal_uart_ex.o
HAL_ResumeTick                                    build/stm32h7xx_hal.o
HAL_SPIEx_ConfigureUnderrun                       build/stm32h7xx_hal_spi_ex.o
HAL_SPIEx_EnableLockConfiguration                 build/stm32h7xx_hal_spi_ex.o
HAL_SPIEx_FlushRxFifo                             build/stm32h7xx_hal_spi_ex.o
HAL_SPI_Abort                                     build/stm32h7xx_hal_spi.o
HAL_SPI_AbortCpltCallback                         build/stm32h7xx_hal_spi.o
HAL_SPI_Abort_IT                                  build/stm32h7xx_hal_spi.o
HAL_SPI_DMAPause                                  build/stm32h7xx_hal_spi.o
HAL_SPI_DMAResume                                 build/stm32h7xx_hal_spi.o
HAL_SPI_DMAStop                                   build/stm32h7xx_hal_spi.o
HAL_SPI_DeInit                                    build/stm32h7xx_hal_spi.o
HAL_SPI_ErrorCallback                             build/stm32h7xx_hal_spi.o
HAL_SPI_GetError                                  build/stm32h7xx_hal_spi.o
HAL_SPI_GetState                                  build/stm32h7xx_hal_spi.o
HAL_SPI_IRQHandler                                build/stm32h7xx_hal_spi.o
HAL_SPI_Init                                      build/stm32h7xx_hal_spi.o
                                                  build/main.o
HAL_SPI_MspDeInit                                 build/stm32h7xx_hal_msp.o
HAL_SPI_MspInit                                   build/stm32h7xx_hal_msp.o
HAL_SPI_Receive                                   build/stm32h7xx_hal_spi.o
HAL_SPI_Receive_DMA                               build/stm32h7xx_hal_spi.o
HAL_SPI_Receive_IT                                build/stm32h7xx_hal_spi.o
HAL_SPI_RxCpltCallback                            build/stm32h7xx_hal_spi.o
HAL_SPI_RxHalfCpltCallback                        build/stm32h7xx_hal_spi.o
HAL_SPI_SuspendCallback                           build/stm32h7xx_hal_spi.o
HAL_SPI_Transmit                                  build/stm32h7xx_hal_spi.o
HAL_SPI_TransmitReceive                           build/stm32h7xx_hal_spi.o
HAL_SPI_TransmitReceive_DMA                       build/stm32h7xx_hal_spi.o
HAL_SPI_TransmitReceive_IT                        build/stm32h7xx_hal_spi.o
HAL_SPI_Transmit_DMA                              build/stm32h7xx_hal_spi.o
HAL_SPI_Transmit_IT                               build/stm32h7xx_hal_spi.o
HAL_SPI_TxCpltCallback                            build/stm32h7xx_hal_spi.o
HAL_SPI_TxHalfCpltCallback                        build/stm32h7xx_hal_spi.o
HAL_SPI_TxRxCpltCallback                          build/stm32h7xx_hal_spi.o
HAL_SPI_TxRxHalfCpltCallback                      build/stm32h7xx_hal_spi.o
HAL_SYSCFG_AnalogSwitchConfig                     build/stm32h7xx_hal.o
HAL_SYSCFG_CM4BootAddConfig                       build/stm32h7xx_hal.o
HAL_SYSCFG_CM7BootAddConfig                       build/stm32h7xx_hal.o
HAL_SYSCFG_CompensationCodeConfig                 build/stm32h7xx_hal.o
HAL_SYSCFG_CompensationCodeSelect                 build/stm32h7xx_hal.o
HAL_SYSCFG_DisableBOOST                           build/stm32h7xx_hal.o
HAL_SYSCFG_DisableCM4BOOT                         build/stm32h7xx_hal.o
HAL_SYSCFG_DisableCM7BOOT                         build/stm32h7xx_hal.o
HAL_SYSCFG_DisableIOSpeedOptimize                 build/stm32h7xx_hal.o
HAL_SYSCFG_DisableVREFBUF                         build/stm32h7xx_hal.o
HAL_SYSCFG_ETHInterfaceSelect                     build/stm32h7xx_hal.o
HAL_SYSCFG_EnableBOOST                            build/stm32h7xx_hal.o
HAL_SYSCFG_EnableCM4BOOT                          build/stm32h7xx_hal.o
HAL_SYSCFG_EnableCM7BOOT                          build/stm32h7xx_hal.o
HAL_SYSCFG_EnableIOSpeedOptimize                  build/stm32h7xx_hal.o
HAL_SYSCFG_EnableVREFBUF                          build/stm32h7xx_hal.o
HAL_SYSCFG_VREFBUF_HighImpedanceConfig            build/stm32h7xx_hal.o
HAL_SYSCFG_VREFBUF_TrimmingConfig                 build/stm32h7xx_hal.o
HAL_SYSCFG_VREFBUF_VoltageScalingConfig           build/stm32h7xx_hal.o
HAL_SYSTICK_CLKSourceConfig                       build/stm32h7xx_hal_cortex.o
HAL_SYSTICK_Callback                              build/stm32h7xx_hal_cortex.o
HAL_SYSTICK_Config                                build/stm32h7xx_hal_cortex.o
                                                  build/stm32h7xx_hal.o
HAL_SYSTICK_IRQHandler                            build/stm32h7xx_hal_cortex.o
HAL_SetFMCMemorySwappingConfig                    build/stm32h7xx_hal.o
HAL_SetTickFreq                                   build/stm32h7xx_hal.o
HAL_SuspendTick                                   build/stm32h7xx_hal.o
HAL_UARTEx_DisableFifoMode                        build/stm32h7xx_hal_uart_ex.o
HAL_UARTEx_DisableStopMode                        build/stm32h7xx_hal_uart_ex.o
HAL_UARTEx_EnableFifoMode                         build/stm32h7xx_hal_uart_ex.o
HAL_UARTEx_EnableStopMode                         build/stm32h7xx_hal_uart_ex.o
HAL_UARTEx_GetRxEventType                         build/stm32h7xx_hal_uart_ex.o
HAL_UARTEx_ReceiveToIdle                          build/stm32h7xx_hal_uart_ex.o
HAL_UARTEx_ReceiveToIdle_DMA                      build/stm32h7xx_hal_uart_ex.o
HAL_UARTEx_ReceiveToIdle_IT                       build/stm32h7xx_hal_uart_ex.o
HAL_UARTEx_RxEventCallback                        build/stm32h7xx_hal_uart.o
HAL_UARTEx_RxFifoFullCallback                     build/stm32h7xx_hal_uart_ex.o
                                                  build/stm32h7xx_hal_uart.o
HAL_UARTEx_SetRxFifoThreshold                     build/stm32h7xx_hal_uart_ex.o
HAL_UARTEx_SetTxFifoThreshold                     build/stm32h7xx_hal_uart_ex.o
HAL_UARTEx_StopModeWakeUpSourceConfig             build/stm32h7xx_hal_uart_ex.o
HAL_UARTEx_TxFifoEmptyCallback                    build/stm32h7xx_hal_uart_ex.o
                                                  build/stm32h7xx_hal_uart.o
HAL_UARTEx_WakeupCallback                         build/stm32h7xx_hal_uart_ex.o
                                                  build/stm32h7xx_hal_uart.o
HAL_UART_Abort                                    build/stm32h7xx_hal_uart.o
HAL_UART_AbortCpltCallback                        build/stm32h7xx_hal_uart.o
HAL_UART_AbortReceive                             build/stm32h7xx_hal_uart.o